Component: Arm Compiler for Embedded 6.24 Tool: armlink [5f371500]

==============================================================================

Section Cross References

    startup_stm32l432xx.o(STACK) refers (Special) to heapauxi.o(.text) for __use_two_region_memory
    startup_stm32l432xx.o(HEAP) refers (Special) to heapauxi.o(.text) for __use_two_region_memory
    startup_stm32l432xx.o(RESET) refers (Special) to heapauxi.o(.text) for __use_two_region_memory
    startup_stm32l432xx.o(RESET) refers to startup_stm32l432xx.o(STACK) for __initial_sp
    startup_stm32l432xx.o(RESET) refers to startup_stm32l432xx.o(.text) for Reset_Handler
    startup_stm32l432xx.o(RESET) refers to stm32l4xx_it.o(.text.NMI_Handler) for NMI_Handler
    startup_stm32l432xx.o(RESET) refers to stm32l4xx_it.o(.text.HardFault_Handler) for HardFault_Handler
    startup_stm32l432xx.o(RESET) refers to stm32l4xx_it.o(.text.MemManage_Handler) for MemManage_Handler
    startup_stm32l432xx.o(RESET) refers to stm32l4xx_it.o(.text.BusFault_Handler) for BusFault_Handler
    startup_stm32l432xx.o(RESET) refers to stm32l4xx_it.o(.text.UsageFault_Handler) for UsageFault_Handler
    startup_stm32l432xx.o(RESET) refers to port.o(.text.SVC_Handler) for SVC_Handler
    startup_stm32l432xx.o(RESET) refers to stm32l4xx_it.o(.text.DebugMon_Handler) for DebugMon_Handler
    startup_stm32l432xx.o(RESET) refers to port.o(.text.PendSV_Handler) for PendSV_Handler
    startup_stm32l432xx.o(RESET) refers to cmsis_os2.o(.text.SysTick_Handler) for SysTick_Handler
    startup_stm32l432xx.o(RESET) refers to stm32l4xx_it.o(.text.EXTI9_5_IRQHandler) for EXTI9_5_IRQHandler
    startup_stm32l432xx.o(RESET) refers to stm32l4xx_it.o(.text.EXTI15_10_IRQHandler) for EXTI15_10_IRQHandler
    startup_stm32l432xx.o(RESET) refers to stm32l4xx_it.o(.text.TIM6_DAC_IRQHandler) for TIM6_DAC_IRQHandler
    startup_stm32l432xx.o(.text) refers (Special) to heapauxi.o(.text) for __use_two_region_memory
    startup_stm32l432xx.o(.text) refers to system_stm32l4xx.o(.text.SystemInit) for SystemInit
    startup_stm32l432xx.o(.text) refers to __main.o(!!!main) for __main
    startup_stm32l432xx.o(.text) refers to startup_stm32l432xx.o(HEAP) for Heap_Mem
    startup_stm32l432xx.o(.text) refers to startup_stm32l432xx.o(STACK) for Stack_Mem
    lora.o(.text.lora_init) refers to lora.o(.text.cs_high) for cs_high
    lora.o(.text.lora_init) refers to stm32l4xx_hal_gpio.o(.text.HAL_GPIO_WritePin) for HAL_GPIO_WritePin
    lora.o(.text.lora_init) refers to lora.o(.text.reg_write) for reg_write
    lora.o(.text.lora_init) refers to lora.o(.text.reg_read) for reg_read
    lora.o(.text.lora_init) refers to lora.o(.text.OUTLINED_FUNCTION_0) for OUTLINED_FUNCTION_0
    lora.o(.text.lora_init) refers to lora.o(.bss..L_MergedGlobals) for [Anonymous Symbol]
    lora.o(.text.lora_init) refers to stm32l4xx_hal.o(.text.HAL_Delay) for HAL_Delay
    lora.o(.ARM.exidx.text.lora_init) refers to lora.o(.text.lora_init) for [Anonymous Symbol]
    lora.o(.text.cs_high) refers to stm32l4xx_hal_gpio.o(.text.HAL_GPIO_WritePin) for HAL_GPIO_WritePin
    lora.o(.text.cs_high) refers to lora.o(.bss..L_MergedGlobals) for [Anonymous Symbol]
    lora.o(.ARM.exidx.text.cs_high) refers to lora.o(.text.cs_high) for [Anonymous Symbol]
    lora.o(.text.reg_write) refers to lora.o(.text.cs_low) for cs_low
    lora.o(.text.reg_write) refers to stm32l4xx_hal_spi.o(.text.HAL_SPI_Transmit) for HAL_SPI_Transmit
    lora.o(.text.reg_write) refers to lora.o(.text.cs_high) for cs_high
    lora.o(.text.reg_write) refers to lora.o(.bss..L_MergedGlobals) for [Anonymous Symbol]
    lora.o(.ARM.exidx.text.reg_write) refers to lora.o(.text.reg_write) for [Anonymous Symbol]
    lora.o(.text.reg_read) refers to lora.o(.text.cs_low) for cs_low
    lora.o(.text.reg_read) refers to stm32l4xx_hal_spi.o(.text.HAL_SPI_TransmitReceive) for HAL_SPI_TransmitReceive
    lora.o(.text.reg_read) refers to lora.o(.text.cs_high) for cs_high
    lora.o(.text.reg_read) refers to lora.o(.bss..L_MergedGlobals) for [Anonymous Symbol]
    lora.o(.ARM.exidx.text.reg_read) refers to lora.o(.text.reg_read) for [Anonymous Symbol]
    lora.o(.text.set_mode) refers to lora.o(.text.reg_write) for reg_write
    lora.o(.ARM.exidx.text.set_mode) refers to lora.o(.text.set_mode) for [Anonymous Symbol]
    lora.o(.text.lora_set_frequency) refers to lludivv7m.o(.text) for __aeabi_uldivmod
    lora.o(.text.lora_set_frequency) refers to lora.o(.text.reg_write) for reg_write
    lora.o(.ARM.exidx.text.lora_set_frequency) refers to lora.o(.text.lora_set_frequency) for [Anonymous Symbol]
    lora.o(.text.lora_set_spreading_factor) refers to lora.o(.text.reg_read) for reg_read
    lora.o(.text.lora_set_spreading_factor) refers to lora.o(.text.reg_write) for reg_write
    lora.o(.ARM.exidx.text.lora_set_spreading_factor) refers to lora.o(.text.lora_set_spreading_factor) for [Anonymous Symbol]
[...]
    __rt_lib_init_lc_numeric_1               0x080002df   Thumb Code     0  libinit2.o(.ARM.Collect$$libinit$$00000019)
    __rt_lib_init_lc_time_1                  0x080002df   Thumb Code     0  libinit2.o(.ARM.Collect$$libinit$$0000001B)
    __rt_lib_init_return                     0x080002df   Thumb Code     0  libinit2.o(.ARM.Collect$$libinit$$00000035)
    __rt_lib_init_signal_1                   0x080002df   Thumb Code     0  libinit2.o(.ARM.Collect$$libinit$$0000001F)
    __rt_lib_init_stdio_1                    0x080002df   Thumb Code     0  libinit2.o(.ARM.Collect$$libinit$$00000027)
    __rt_lib_shutdown                        0x080002e1   Thumb Code     0  libshutdown.o(.ARM.Collect$$libshutdown$$00000000)
    __rt_lib_shutdown_cpp_1                  0x080002e3   Thumb Code     0  libshutdown2.o(.ARM.Collect$$libshutdown$$00000002)
    __rt_lib_shutdown_fp_trap_1              0x080002e3   Thumb Code     0  libshutdown2.o(.ARM.Collect$$libshutdown$$00000007)
    __rt_lib_shutdown_heap_1                 0x080002e3   Thumb Code     0  libshutdown2.o(.ARM.Collect$$libshutdown$$0000000F)
    __rt_lib_shutdown_return                 0x080002e3   Thumb Code     0  libshutdown2.o(.ARM.Collect$$libshutdown$$00000010)
    __rt_lib_shutdown_signal_1               0x080002e3   Thumb Code     0  libshutdown2.o(.ARM.Collect$$libshutdown$$0000000A)
    __rt_lib_shutdown_stdio_1                0x080002e3   Thumb Code     0  libshutdown2.o(.ARM.Collect$$libshutdown$$00000004)
    __rt_lib_shutdown_user_alloc_1           0x080002e3   Thumb Code     0  libshutdown2.o(.ARM.Collect$$libshutdown$$0000000C)
    __rt_entry                               0x080002e5   Thumb Code     0  __rtentry.o(.ARM.Collect$$rtentry$$00000000)
    __rt_entry_presh_1                       0x080002e5   Thumb Code     0  __rtentry2.o(.ARM.Collect$$rtentry$$00000002)
    __rt_entry_sh                            0x080002e5   Thumb Code     0  __rtentry4.o(.ARM.Collect$$rtentry$$00000004)
    __rt_entry_li                            0x080002eb   Thumb Code     0  __rtentry2.o(.ARM.Collect$$rtentry$$0000000A)
    __rt_entry_postsh_1                      0x080002eb   Thumb Code     0  __rtentry2.o(.ARM.Collect$$rtentry$$00000009)
    __rt_entry_main                          0x080002ef   Thumb Code     0  __rtentry2.o(.ARM.Collect$$rtentry$$0000000D)
    __rt_entry_postli_1                      0x080002ef   Thumb Code     0  __rtentry2.o(.ARM.Collect$$rtentry$$0000000C)
    __rt_exit                                0x080002f7   Thumb Code     0  rtexit.o(.ARM.Collect$$rtexit$$00000000)
    __rt_exit_ls                             0x080002f9   Thumb Code     0  rtexit2.o(.ARM.Collect$$rtexit$$00000003)
    __rt_exit_prels_1                        0x080002f9   Thumb Code     0  rtexit2.o(.ARM.Collect$$rtexit$$00000002)
    __rt_exit_exit                           0x080002fd   Thumb Code     0  rtexit2.o(.ARM.Collect$$rtexit$$00000004)
    Reset_Handler                            0x08000305   Thumb Code     8  startup_stm32l432xx.o(.text)
    ADC1_IRQHandler                          0x0800031f   Thumb Code     0  startup_stm32l432xx.o(.text)
    CAN1_RX0_IRQHandler                      0x0800031f   Thumb Code     0  startup_stm32l432xx.o(.text)
    CAN1_RX1_IRQHandler                      0x0800031f   Thumb Code     0  startup_stm32l432xx.o(.text)
    CAN1_SCE_IRQHandler                      0x0800031f   Thumb Code     0  startup_stm32l432xx.o(.text)
    CAN1_TX_IRQHandler                       0x0800031f   Thumb Code     0  startup_stm32l432xx.o(.text)
    COMP_IRQHandler                          0x0800031f   Thumb Code     0  startup_stm32l432xx.o(.text)
    CRS_IRQHandler                           0x0800031f   Thumb Code     0  startup_stm32l432xx.o(.text)
    DMA1_Channel1_IRQHandler                 0x0800031f   Thumb Code     0  startup_stm32l432xx.o(.text)
    DMA1_Channel2_IRQHandler                 0x0800031f   Thumb Code     0  startup_stm32l432xx.o(.text)
    DMA1_Channel3_IRQHandler                 0x0800031f   Thumb Code     0  startup_stm32l432xx.o(.text)
    DMA1_Channel4_IRQHandler                 0x0800031f   Thumb Code     0  startup_stm32l432xx.o(.text)
    DMA1_Channel5_IRQHandler                 0x0800031f   Thumb Code     0  startup_stm32l432xx.o(.text)
    DMA1_Channel6_IRQHandler                 0x0800031f   Thumb Code     0  startup_stm32l432xx.o(.text)
    DMA1_Channel7_IRQHandler                 0x0800031f   Thumb Code     0  startup_stm32l432xx.o(.text)
    DMA2_Channel1_IRQHandler                 0x0800031f   Thumb Code     0  startup_stm32l432xx.o(.text)
    DMA2_Channel2_IRQHandler                 0x0800031f   Thumb Code     0  startup_stm32l432xx.o(.text)
    DMA2_Channel3_IRQHandler                 0x0800031f   Thumb Code     0  startup_stm32l432xx.o(.text)
    DMA2_Channel4_IRQHandler                 0x0800031f   Thumb Code     0  startup_stm32l432xx.o(.text)
    DMA2_Channel5_IRQHandler                 0x0800031f   Thumb Code     0  startup_stm32l432xx.o(.text)
    DMA2_Channel6_IRQHandler                 0x0800031f   Thumb Code     0  startup_stm32l432xx.o(.text)
    DMA2_Channel7_IRQHandler                 0x0800031f   Thumb Code     0  startup_stm32l432xx.o(.text)
    EXTI0_IRQHandler                         0x0800031f   Thumb Code     0  startup_stm32l432xx.o(.text)
    EXTI1_IRQHandler                         0x0800031f   Thumb Code     0  startup_stm32l432xx.o(.text)
    EXTI2_IRQHandler                         0x0800031f   Thumb Code     0  startup_stm32l432xx.o(.text)
    EXTI3_IRQHandler                         0x0800031f   Thumb Code     0  startup_stm32l432xx.o(.text)
    EXTI4_IRQHandler                         0x0800031f   Thumb Code     0  startup_stm32l432xx.o(.text)
    FLASH_IRQHandler                         0x0800031f   Thumb Code     0  startup_stm32l432xx.o(.text)
    FPU_IRQHandler                           0x0800031f   Thumb Code     0  startup_stm32l432xx.o(.text)
    I2C1_ER_IRQHandler                       0x0800031f   Thumb Code     0  startup_stm32l432xx.o(.text)
    I2C1_EV_IRQHandler                       0x0800031f   Thumb Code     0  startup_stm32l432xx.o(.text)
    I2C3_ER_IRQHandler                       0x0800031f   Thumb Code     0  startup_stm32l432xx.o(.text)
    I2C3_EV_IRQHandler                       0x0800031f   Thumb Code     0  startup_stm32l432xx.o(.text)
    LPTIM1_IRQHandler                        0x0800031f   Thumb Code     0  startup_stm32l432xx.o(.text)
    LPTIM2_IRQHandler                        0x0800031f   Thumb Code     0  startup_stm32l432xx.o(.text)
    LPUART1_IRQHandler                       0x0800031f   Thumb Code     0  startup_stm32l432xx.o(.text)
    PVD_PVM_IRQHandler                       0x0800031f   Thumb Code     0  startup_stm32l432xx.o(.text)
    QUADSPI_IRQHandler                       0x0800031f   Thumb Code     0  startup_stm32l432xx.o(.text)
    RCC_IRQHandler                           0x0800031f   Thumb Code     0  startup_stm32l432xx.o(.text)
    RNG_IRQHandler                           0x0800031f   Thumb Code     0  startup_stm32l432xx.o(.text)
    RTC_Alarm_IRQHandler                     0x0800031f   Thumb Code     0  startup_stm32l432xx.o(.text)
    RTC_WKUP_IRQHandler                      0x0800031f   Thumb Code     0  startup_stm32l432xx.o(.text)
    SAI1_IRQHandler                          0x0800031f   Thumb Code     0  startup_stm32l432xx.o(.text)
    SPI1_IRQHandler                          0x0800031f   Thumb Code     0  startup_stm32l432xx.o(.text)
    SPI3_IRQHandler                          0x0800031f   Thumb Code     0  startup_stm32l432xx.o(.text)
    SWPMI1_IRQHandler                        0x0800031f   Thumb Code     0  startup_stm32l432xx.o(.text)
    TAMP_STAMP_IRQHandler                    0x0800031f   Thumb Code     0  startup_stm32l432xx.o(.text)
    TIM1_BRK_TIM15_IRQHandler                0x0800031f   Thumb Code     0  startup_stm32l432xx.o(.text)
    TIM1_CC_IRQHandler                       0x0800031f   Thumb Code     0  startup_stm32l432xx.o(.text)
    TIM1_TRG_COM_IRQHandler                  0x0800031f   Thumb Code     0  startup_stm32l432xx.o(.text)
    TIM1_UP_TIM16_IRQHandler                 0x0800031f   Thumb Code     0  startup_stm32l432xx.o(.text)
    TIM2_IRQHandler                          0x0800031f   Thumb Code     0  startup_stm32l432xx.o(.text)
    TIM7_IRQHandler                          0x0800031f   Thumb Code     0  startup_stm32l432xx.o(.text)
    TSC_IRQHandler                           0x0800031f   Thumb Code     0  startup_stm32l432xx.o(.text)
    USART1_IRQHandler                        0x0800031f   Thumb Code     0  startup_stm32l432xx.o(.text)
    USART2_IRQHandler                        0x0800031f   Thumb Code     0  startup_stm32l432xx.o(.text)
    USB_IRQHandler                           0x0800031f   Thumb Code     0  startup_stm32l432xx.o(.text)
    WWDG_IRQHandler                          0x0800031f   Thumb Code     0  startup_stm32l432xx.o(.text)
    __user_initial_stackheap                 0x08000321   Thumb Code     0  startup_stm32l432xx.o(.text)
    __aeabi_uldivmod                         0x08000345   Thumb Code     0  lludivv7m.o(.text)
    _ll_udiv                                 0x08000345   Thumb Code   240  lludivv7m.o(.text)
    __aeabi_llsr                             0x08000435   Thumb Code     0  llushr.o(.text)
    _ll_ushift_r                             0x08000435   Thumb Code    38  llushr.o(.text)
    vsnprintf                                0x0800045d   Thumb Code    56  vsnprintf.o(.text)
    strlen                                   0x08000499   Thumb Code    62  strlen.o(.text)
    __aeabi_memcpy                           0x080004d7   Thumb Code     0  rt_memcpy_v6.o(.text)
    __rt_memcpy                              0x080004d7   Thumb Code   138  rt_memcpy_v6.o(.text)
    _memcpy_lastbytes                        0x0800053d   Thumb Code     0  rt_memcpy_v6.o(.text)
    __aeabi_memset4                          0x08000561   Thumb Code    16  aeabi_memset4.o(.text)
    __aeabi_memset8                          0x08000561   Thumb Code     0  aeabi_memset4.o(.text)
    __aeabi_memclr                           0x08000571   Thumb Code     0  rt_memclr.o(.text)
    __rt_memclr                              0x08000571   Thumb Code     0  rt_memclr.o(.text)
    _memset                                  0x08000575   Thumb Code    64  rt_memclr.o(.text)
    __aeabi_memclr4                          0x080005b5   Thumb Code     0  rt_memclr_w.o(.text)
    __aeabi_memclr8                          0x080005b5   Thumb Code     0  rt_memclr_w.o(.text)
    __rt_memclr_w                            0x080005b5   Thumb Code     0  rt_memclr_w.o(.text)
    _memset_w                                0x080005b9   Thumb Code    74  rt_memclr_w.o(.text)
    __use_two_region_memory                  0x08000603   Thumb Code     2  heapauxi.o(.text)
    __rt_heap_escrow$2region                 0x08000605   Thumb Code     2  heapauxi.o(.text)
    __rt_heap_expand$2region                 0x08000607   Thumb Code     2  heapauxi.o(.text)
    _printf_pre_padding                      0x08000609   Thumb Code    44  _printf_pad.o(.text)
    _printf_post_padding                     0x08000635   Thumb Code    34  _printf_pad.o(.text)
    _printf_truncate_signed                  0x08000657   Thumb Code    18  _printf_truncate.o(.text)
    _printf_truncate_unsigned                0x08000669   Thumb Code    18  _printf_truncate.o(.text)
    _printf_str                              0x0800067b   Thumb Code    82  _printf_str.o(.text)
    _printf_int_dec                          0x080006cd   Thumb Code   104  _printf_dec.o(.text)
    _printf_charcount                        0x08000745   Thumb Code    40  _printf_charcount.o(.text)
    _printf_char_common                      0x08000777   Thumb Code    32  _printf_char_common.o(.text)
    _snputc                                  0x0800079d   Thumb Code    16  _snputc.o(.text)
    _printf_wctomb                           0x080007ad   Thumb Code   182  _printf_wctomb.o(.text)
    _printf_longlong_dec                     0x08000871   Thumb Code   108  _printf_longlong_dec.o(.text)
    _printf_longlong_oct                     0x080008ed   Thumb Code    68  _printf_oct_int_ll.o(.text)
    _printf_int_oct                          0x08000931   Thumb Code    24  _printf_oct_int_ll.o(.text)
    _printf_ll_oct                           0x08000949   Thumb Code    12  _printf_oct_int_ll.o(.text)
    _printf_longlong_hex                     0x0800095d   Thumb Code    86  _printf_hex_int_ll_ptr.o(.text)
    _printf_int_hex                          0x080009b3   Thumb Code    28  _printf_hex_int_ll_ptr.o(.text)
    _printf_ll_hex                           0x080009cf   Thumb Code    12  _printf_hex_int_ll_ptr.o(.text)
    _printf_hex_ptr                          0x080009db   Thumb Code    18  _printf_hex_int_ll_ptr.o(.text)
    __printf                                 0x080009f1   Thumb Code   388  __printf_flags_ss_wp.o(.text)
    __aeabi_memcpy4                          0x08000b7f   Thumb Code     0  rt_memcpy_w.o(.text)
    __aeabi_memcpy8                          0x08000b7f   Thumb Code     0  rt_memcpy_w.o(.text)
    __rt_memcpy_w                            0x08000b7f   Thumb Code   100  rt_memcpy_w.o(.text)
    _memcpy_lastbytes_aligned                0x08000bc7   Thumb Code     0  rt_memcpy_w.o(.text)
    _ll_udiv10                               0x08000be3   Thumb Code   138  lludiv10.o(.text)
    _printf_int_common                       0x08000c6d   Thumb Code   178  _printf_intcommon.o(.text)
    _printf_fp_dec_real                      0x08000ecf   Thumb Code   620  _printf_fp_dec.o(.text)
    _printf_fp_hex_real                      0x08001141   Thumb Code   756  _printf_fp_hex.o(.text)
    _printf_cs_common                        0x08001443   Thumb Code    20  _printf_char.o(.text)
    _printf_char                             0x08001457   Thumb Code    16  _printf_char.o(.text)
    _printf_string                           0x08001467   Thumb Code     8  _printf_char.o(.text)
    _printf_lcs_common                       0x0800146f   Thumb Code    20  _printf_wchar.o(.text)
    _printf_wchar                            0x08001483   Thumb Code    16  _printf_wchar.o(.text)
    _printf_wstring                          0x08001493   Thumb Code     8  _printf_wchar.o(.text)
    _c16rtomb                                0x0800149b   Thumb Code    72  _c16rtomb.o(.text)
    _wcrtomb                                 0x0800149b   Thumb Code     0  _c16rtomb.o(.text)
    __user_setup_stackheap                   0x080014e3   Thumb Code    74  sys_stackheap_outer.o(.text)
    __rt_ctype_table                         0x0800152d   Thumb Code    16  rt_ctype_table.o(.text)
    __rt_locale                              0x0800153d   Thumb Code     8  rt_locale_intlibspace.o(.text)
    _printf_fp_infnan                        0x08001545   Thumb Code   112  _printf_fp_infnan.o(.text)
    _btod_etento                             0x080015c5   Thumb Code   224  bigflt0.o(.text)
    exit                                     0x080016a9   Thumb Code    18  exit.o(.text)
    __user_libspace                          0x080016bd   Thumb Code     8  libspace.o(.text)
    __user_perproc_libspace                  0x080016bd   Thumb Code     0  libspace.o(.text)
    __user_perthread_libspace                0x080016bd   Thumb Code     0  libspace.o(.text)
    strcmp                                   0x080016c9   Thumb Code   124  strcmpv7em.o(.text)
    _sys_exit                                0x08001745   Thumb Code     8  sys_exit.o(.text)
    __I$use$semihosting                      0x08001751   Thumb Code     0  use_no_semi.o(.text)
    __use_no_semihosting_swi                 0x08001751   Thumb Code     2  use_no_semi.o(.text)
    BusFault_Handler                         0x08001753   Thumb Code     2  stm32l4xx_it.o(.text.BusFault_Handler)
    __semihosting_library_function           0x08001753   Thumb Code     0  indicate_semi.o(.text)
    DebugMon_Handler                         0x08001755   Thumb Code     2  stm32l4xx_it.o(.text.DebugMon_Handler)
    EXTI15_10_IRQHandler                     0x08001757   Thumb Code     8  stm32l4xx_it.o(.text.EXTI15_10_IRQHandler)
    EXTI9_5_IRQHandler                       0x0800175f   Thumb Code     8  stm32l4xx_it.o(.text.EXTI9_5_IRQHandler)
    Error_Handler                            0x08001767   Thumb Code     8  main.o(.text.Error_Handler)
    HAL_Delay                                0x08001771   Thumb Code    32  stm32l4xx_hal.o(.text.HAL_Delay)
    HAL_GPIO_EXTI_Callback                   0x08001791   Thumb Code    48  main.o(.text.HAL_GPIO_EXTI_Callback)
    HAL_GPIO_EXTI_IRQHandler                 0x080017c5   Thumb Code    16  stm32l4xx_hal_gpio.o(.text.HAL_GPIO_EXTI_IRQHandler)
    HAL_GPIO_Init                            0x080017d9   Thumb Code   388  stm32l4xx_hal_gpio.o(.text.HAL_GPIO_Init)
    HAL_GPIO_WritePin                        0x08001977   Thumb Code    12  stm32l4xx_hal_gpio.o(.text.HAL_GPIO_WritePin)
    HAL_GetTick                              0x08001985   Thumb Code     8  stm32l4xx_hal.o(.text.HAL_GetTick)
    HAL_IncTick                              0x0800198d   Thumb Code    16  stm32l4xx_hal.o(.text.HAL_IncTick)
    HAL_Init                                 0x080019a5   Thumb Code    28  stm32l4xx_hal.o(.text.HAL_Init)
    HAL_InitTick                             0x080019c1   Thumb Code   136  stm32l4xx_hal_timebase_tim.o(.text.HAL_InitTick)
    HAL_MspInit                              0x08001a55   Thumb Code    56  stm32l4xx_hal_msp.o(.text.HAL_MspInit)
    HAL_NVIC_EnableIRQ                       0x08001a91   Thumb Code    28  stm32l4xx_hal_cortex.o(.text.HAL_NVIC_EnableIRQ)
    HAL_NVIC_SetPriority                     0x08001ab1   Thumb Code    72  stm32l4xx_hal_cortex.o(.text.HAL_NVIC_SetPriority)
    HAL_NVIC_SetPriorityGrouping             0x08001afd   Thumb Code    24  stm32l4xx_hal_cortex.o(.text.HAL_NVIC_SetPriorityGrouping)
    HAL_PWREx_ControlVoltageScaling          0x08001b1d   Thumb Code   100  stm32l4xx_hal_pwr_ex.o(.text.HAL_PWREx_ControlVoltageScaling)
    HAL_PWREx_GetVoltageRange                0x08001b85   Thumb Code    12  stm32l4xx_hal_pwr_ex.o(.text.HAL_PWREx_GetVoltageRange)
    HAL_RCCEx_PeriphCLKConfig                0x08001b91   Thumb Code   548  stm32l4xx_hal_rcc_ex.o(.text.HAL_RCCEx_PeriphCLKConfig)
    HAL_RCC_ClockConfig                      0x08001dbd   Thumb Code   308  stm32l4xx_hal_rcc.o(.text.HAL_RCC_ClockConfig)
    HAL_RCC_GetClockConfig                   0x08001efd   Thumb Code    56  stm32l4xx_hal_rcc.o(.text.HAL_RCC_GetClockConfig)
    HAL_RCC_GetPCLK1Freq                     0x08001f39   Thumb Code    20  stm32l4xx_hal_rcc.o(.text.HAL_RCC_GetPCLK1Freq)
    HAL_RCC_GetPCLK2Freq                     0x08001f4d   Thumb Code    20  stm32l4xx_hal_rcc.o(.text.HAL_RCC_GetPCLK2Freq)
    HAL_RCC_GetSysClockFreq                  0x08001f6d   Thumb Code   156  stm32l4xx_hal_rcc.o(.text.HAL_RCC_GetSysClockFreq)
    HAL_RCC_OscConfig                        0x08002019   Thumb Code  1276  stm32l4xx_hal_rcc.o(.text.HAL_RCC_OscConfig)
    HAL_SPI_Init                             0x08002531   Thumb Code   206  stm32l4xx_hal_spi.o(.text.HAL_SPI_Init)
    HAL_SPI_MspInit                          0x08002601   Thumb Code    80  stm32l4xx_hal_msp.o(.text.HAL_SPI_MspInit)
    HAL_SPI_Transmit                         0x08002659   Thumb Code   350  stm32l4xx_hal_spi.o(.text.HAL_SPI_Transmit)
    HAL_SPI_TransmitReceive                  0x080027b7   Thumb Code   552  stm32l4xx_hal_spi.o(.text.HAL_SPI_TransmitReceive)
    HAL_TIMEx_Break2Callback                 0x080029df   Thumb Code     2  stm32l4xx_hal_tim_ex.o(.text.HAL_TIMEx_Break2Callback)
    HAL_TIMEx_BreakCallback                  0x080029e1   Thumb Code     2  stm32l4xx_hal_tim_ex.o(.text.HAL_TIMEx_BreakCallback)
    HAL_TIMEx_CommutCallback                 0x080029e3   Thumb Code     2  stm32l4xx_hal_tim_ex.o(.text.HAL_TIMEx_CommutCallback)
    HAL_TIM_Base_Init                        0x080029e5   Thumb Code    36  stm32l4xx_hal_tim.o(.text.HAL_TIM_Base_Init)
    HAL_TIM_Base_MspInit                     0x08002a09   Thumb Code     2  stm32l4xx_hal_tim.o(.text.HAL_TIM_Base_MspInit)
    HAL_TIM_Base_Start_IT                    0x08002a0d   Thumb Code    76  stm32l4xx_hal_tim.o(.text.HAL_TIM_Base_Start_IT)
    HAL_TIM_IC_CaptureCallback               0x08002a65   Thumb Code     2  stm32l4xx_hal_tim.o(.text.HAL_TIM_IC_CaptureCallback)
    HAL_TIM_IRQHandler                       0x08002a67   Thumb Code   290  stm32l4xx_hal_tim.o(.text.HAL_TIM_IRQHandler)
    HAL_TIM_OC_DelayElapsedCallback          0x08002b89   Thumb Code     2  stm32l4xx_hal_tim.o(.text.HAL_TIM_OC_DelayElapsedCallback)
    HAL_TIM_PWM_PulseFinishedCallback        0x08002b8b   Thumb Code     2  stm32l4xx_hal_tim.o(.text.HAL_TIM_PWM_PulseFinishedCallback)
    HAL_TIM_PeriodElapsedCallback            0x08002b8d   Thumb Code    16  main.o(.text.HAL_TIM_PeriodElapsedCallback)
    HAL_TIM_TriggerCallback                  0x08002ba1   Thumb Code     2  stm32l4xx_hal_tim.o(.text.HAL_TIM_TriggerCallback)
    HAL_UART_Init                            0x08002ba3   Thumb Code    56  stm32l4xx_hal_uart.o(.text.HAL_UART_Init)
    HAL_UART_MspInit                         0x08002bdd   Thumb Code   128  stm32l4xx_hal_msp.o(.text.HAL_UART_MspInit)
    HAL_UART_Transmit                        0x08002c65   Thumb Code   176  stm32l4xx_hal_uart.o(.text.HAL_UART_Transmit)
    HardFault_Handler                        0x08002d15   Thumb Code     2  stm32l4xx_it.o(.text.HardFault_Handler)
    MemManage_Handler                        0x08002d17   Thumb Code     2  stm32l4xx_it.o(.text.MemManage_Handler)
    NMI_Handler                              0x08002d19   Thumb Code     2  stm32l4xx_it.o(.text.NMI_Handler)
    PendSV_Handler                           0x08002fad   Thumb Code    96  port.o(.text.PendSV_Handler)
    SVC_Handler                              0x08003319   Thumb Code    32  port.o(.text.SVC_Handler)
    StartDefaultTask                         0x080033dd   Thumb Code    76  main.o(.text.StartDefaultTask)
    SysTick_Handler                          0x08003575   Thumb Code    30  cmsis_os2.o(.text.SysTick_Handler)
    SystemClock_Config                       0x08003593   Thumb Code   120  main.o(.text.SystemClock_Config)
    SystemInit                               0x0800360d   Thumb Code    12  system_stm32l4xx.o(.text.SystemInit)
    TIM6_DAC_IRQHandler                      0x0800361d   Thumb Code     8  stm32l4xx_it.o(.text.TIM6_DAC_IRQHandler)
    TIM_Base_SetConfig                       0x08003629   Thumb Code   112  stm32l4xx_hal_tim.o(.text.TIM_Base_SetConfig)
    UART_AdvFeatureConfig                    0x080036a5   Thumb Code   168  stm32l4xx_hal_uart.o(.text.UART_AdvFeatureConfig)
    UART_CheckIdleState                      0x0800374d   Thumb Code   136  stm32l4xx_hal_uart.o(.text.UART_CheckIdleState)
    UART_SetConfig                           0x08003815   Thumb Code   384  stm32l4xx_hal_uart.o(.text.UART_SetConfig)
    UART_WaitOnFlagUntilTimeout              0x080039c5   Thumb Code   136  stm32l4xx_hal_uart.o(.text.UART_WaitOnFlagUntilTimeout)
    UsageFault_Handler                       0x08003a4d   Thumb Code     2  stm32l4xx_it.o(.text.UsageFault_Handler)
    lora_handle_dio0_irq                     0x08003b4d   Thumb Code    40  lora.o(.text.lora_handle_dio0_irq)
    lora_init                                0x08003b75   Thumb Code   164  lora.o(.text.lora_init)
    lora_send                                0x08003c1d   Thumb Code   176  lora.o(.text.lora_send)
    lora_set_bandwidth_125khz                0x08003cd1   Thumb Code    26  lora.o(.text.lora_set_bandwidth_125khz)
    lora_set_coding_rate_4_5                 0x08003ceb   Thumb Code    24  lora.o(.text.lora_set_coding_rate_4_5)
    lora_set_frequency                       0x08003d05   Thumb Code    48  lora.o(.text.lora_set_frequency)
    lora_set_spreading_factor                0x08003d39   Thumb Code    80  lora.o(.text.lora_set_spreading_factor)
    lora_set_sync_word                       0x08003d8d   Thumb Code    14  lora.o(.text.lora_set_sync_word)
    lora_set_tx_power                        0x08003d9b   Thumb Code    42  lora.o(.text.lora_set_tx_power)
    main                                     0x08003dc5   Thumb Code   496  main.o(.text.main)
    osDelay                                  0x08004089   Thumb Code    34  cmsis_os2.o(.text.osDelay)
    osKernelInitialize                       0x080040ad   Thumb Code    40  cmsis_os2.o(.text.osKernelInitialize)
    osKernelStart                            0x080040d5   Thumb Code    60  cmsis_os2.o(.text.osKernelStart)
    osThreadNew                              0x08004111   Thumb Code   190  cmsis_os2.o(.text.osThreadNew)
    packet_sign                              0x080041cf   Thumb Code    30  packet.o(.text.packet_sign)
    pvPortMalloc                             0x080048bd   Thumb Code   416  heap_4.o(.text.pvPortMalloc)
    pxPortInitialiseStack                    0x08004a5d   Thumb Code    36  port.o(.text.pxPortInitialiseStack)
    uxListRemove                             0x08004d89   Thumb Code    36  list.o(.text.uxListRemove)
    vApplicationGetIdleTaskMemory            0x08004dad   Thumb Code    26  cmsis_os2.o(.text.vApplicationGetIdleTaskMemory)
    vApplicationGetTimerTaskMemory           0x08004dc9   Thumb Code    28  cmsis_os2.o(.text.vApplicationGetTimerTaskMemory)
    vListInitialise                          0x08004de5   Thumb Code    22  list.o(.text.vListInitialise)
    vListInitialiseItem                      0x08004dfd   Thumb Code     6  list.o(.text.vListInitialiseItem)
    vListInsert                              0x08004e05   Thumb Code    60  list.o(.text.vListInsert)
    vListInsertEnd                           0x08004e41   Thumb Code    28  list.o(.text.vListInsertEnd)
    vPortEnterCritical                       0x08004e71   Thumb Code    70  port.o(.text.vPortEnterCritical)
    vPortExitCritical                        0x08004eb9   Thumb Code    46  port.o(.text.vPortExitCritical)
    vPortFree                                0x08004ee9   Thumb Code   214  heap_4.o(.text.vPortFree)
    vPortSetupTimerInterrupt                 0x08004fc1   Thumb Code    52  port.o(.text.vPortSetupTimerInterrupt)
    vQueueAddToRegistry                      0x08004ff5   Thumb Code    40  queue.o(.text.vQueueAddToRegistry)
    vQueueWaitForMessageRestricted           0x0800501d   Thumb Code    70  queue.o(.text.vQueueWaitForMessageRestricted)
    vTaskDelay                               0x08005065   Thumb Code   174  tasks.o(.text.vTaskDelay)
    vTaskInternalSetTimeOutState             0x08005115   Thumb Code    26  tasks.o(.text.vTaskInternalSetTimeOutState)
    vTaskMissedYield                         0x08005131   Thumb Code    14  tasks.o(.text.vTaskMissedYield)
    vTaskPlaceOnEventList                    0x08005141   Thumb Code   158  tasks.o(.text.vTaskPlaceOnEventList)
    vTaskPlaceOnEventListRestricted          0x080051e1   Thumb Code   182  tasks.o(.text.vTaskPlaceOnEventListRestricted)
    vTaskStartScheduler                      0x08005299   Thumb Code   156  tasks.o(.text.vTaskStartScheduler)
    vTaskSuspendAll                          0x0800533d   Thumb Code    16  tasks.o(.text.vTaskSuspendAll)
    vTaskSwitchContext                       0x0800534d   Thumb Code   146  tasks.o(.text.vTaskSwitchContext)
    xPortStartScheduler                      0x080053e1   Thumb Code   350  port.o(.text.xPortStartScheduler)
    xPortSysTickHandler                      0x08005541   Thumb Code    46  port.o(.text.xPortSysTickHandler)
    xQueueGenericCreateStatic                0x08005571   Thumb Code   218  queue.o(.text.xQueueGenericCreateStatic)
    xQueueGenericSend                        0x0800564d   Thumb Code   540  queue.o(.text.xQueueGenericSend)
    xQueueReceive                            0x08005871   Thumb Code   428  queue.o(.text.xQueueReceive)
    xTaskCheckForTimeOut                     0x08005a25   Thumb Code   148  tasks.o(.text.xTaskCheckForTimeOut)
    xTaskCreate                              0x08005ab9   Thumb Code   220  tasks.o(.text.xTaskCreate)
    xTaskCreateStatic                        0x08005b9d   Thumb Code   234  tasks.o(.text.xTaskCreateStatic)
    xTaskGetSchedulerState                   0x08005c89   Thumb Code    38  tasks.o(.text.xTaskGetSchedulerState)
    xTaskGetTickCount                        0x08005cb1   Thumb Code    24  tasks.o(.text.xTaskGetTickCount)
    xTaskIncrementTick                       0x08005cc9   Thumb Code   378  tasks.o(.text.xTaskIncrementTick)
    xTaskPriorityDisinherit                  0x08005e49   Thumb Code   154  tasks.o(.text.xTaskPriorityDisinherit)
    xTaskRemoveFromEventList                 0x08005ee5   Thumb Code   142  tasks.o(.text.xTaskRemoveFromEventList)
    xTaskResumeAll                           0x08005f75   Thumb Code   312  tasks.o(.text.xTaskResumeAll)
    xTimerCreateTimerTask                    0x080060b5   Thumb Code   108  timers.o(.text.xTimerCreateTimerTask)
    _btod_d2e                                0x08006129   Thumb Code    62  btod.o(CL$$btod_d2e)
    _d2e_denorm_low                          0x08006167   Thumb Code    70  btod.o(CL$$btod_d2e_denorm_low)
    _d2e_norm_op1                            0x080061ad   Thumb Code    96  btod.o(CL$$btod_d2e_norm_op1)
    __btod_div_common                        0x0800620d   Thumb Code   696  btod.o(CL$$btod_div_common)
    _e2e                                     0x08006545   Thumb Code   220  btod.o(CL$$btod_e2e)
    _btod_ediv                               0x08006621   Thumb Code    42  btod.o(CL$$btod_ediv)
    _btod_emul                               0x0800664b   Thumb Code    42  btod.o(CL$$btod_emul)
    __btod_mult_common                       0x08006675   Thumb Code   580  btod.o(CL$$btod_mult_common)
    __ARM_fpclassify                         0x080068b9   Thumb Code    48  fpclassify.o(i.__ARM_fpclassify)
    _is_digit                                0x080068e9   Thumb Code    14  __printf_wp.o(i._is_digit)
    _get_lc_numeric                          0x080068f9   Thumb Code    44  lc_numeric_c.o(locale$$code)
    _get_lc_ctype                            0x08006925   Thumb Code    44  lc_ctype_c.o(locale$$code)
    _fp_init                                 0x08006951   Thumb Code    26  fpinit.o(x$fpl$fpinit)
    __fplib_config_fpu_vfp                   0x08006969   Thumb Code     0  fpinit.o(x$fpl$fpinit)
    __fplib_config_pureend_doubles           0x08006969   Thumb Code     0  fpinit.o(x$fpl$fpinit)
    _printf_fp_dec                           0x0800696b   Thumb Code     4  printf1.o(x$fpl$printf1)
    _printf_fp_hex                           0x0800696f   Thumb Code     4  printf2.o(x$fpl$printf2)
    __I$use$fp                               0x08006972   Number         0  usenofp.o(x$fpl$usenofp)
    AHBPrescTable                            0x08006a70   Data          16  system_stm32l4xx.o(.rodata.AHBPrescTable)
    APBPrescTable                            0x08006a80   Data           8  system_stm32l4xx.o(.rodata.APBPrescTable)
    MSIRangeTable                            0x08006bac   Data          48  system_stm32l4xx.o(.rodata.MSIRangeTable)
    buttonTask_attributes                    0x08006bdc   Data          36  main.o(.rodata.buttonTask_attributes)
    defaultTask_attributes                   0x08006c30   Data          36  main.o(.rodata.defaultTask_attributes)
    radioTask_attributes                     0x08006c54   Data          36  main.o(.rodata.radioTask_attributes)
    sirenTask_attributes                     0x08006c78   Data          36  main.o(.rodata.sirenTask_attributes)
    Region$$Table$$Base                      0x08006d70   Number         0  anon$$obj.o(Region$$Table)
    Region$$Table$$Limit                     0x08006d90   Number         0  anon$$obj.o(Region$$Table)
    __ctype                                  0x08006db9   Data           0  lc_ctype_c.o(locale$$data)
    uwTickFreq                               0x20000000   Data           1  stm32l4xx_hal.o(.data..L_MergedGlobals)
    uwTickPrio                               0x20000004   Data           4  stm32l4xx_hal.o(.data..L_MergedGlobals)
    SystemCoreClock                          0x20000008   Data           4  system_stm32l4xx.o(.data.SystemCoreClock)
    __libspace_start                         0x20000010   Data          96  libspace.o(.bss)
    __temporary_stack_top$libspace           0x20000070   Data           0  libspace.o(.bss)
    defaultTaskHandle                        0x20000090   Data           4  main.o(.bss..L_MergedGlobals)
    buttonTaskHandle                         0x20000094   Data           4  main.o(.bss..L_MergedGlobals)
    radioTaskHandle                          0x20000098   Data           4  main.o(.bss..L_MergedGlobals)
    sirenTaskHandle                          0x2000009c   Data           4  main.o(.bss..L_MergedGlobals)
    hspi1                                    0x200000a8   Data         100  main.o(.bss.hspi1)
    htim6                                    0x2000010c   Data          76  stm32l4xx_hal_timebase_tim.o(.bss.htim6)
    huart2                                   0x20000158   Data         136  main.o(.bss.huart2)
    pxCurrentTCB                             0x200002d4   Data           4  tasks.o(.bss.pxCurrentTCB)
    uwTick                                   0x20002754   Data           4  stm32l4xx_hal.o(.bss.uwTick)
    xQueueRegistry                           0x20002eac   Data          64  queue.o(.bss.xQueueRegistry)



==============================================================================

Memory Map of the image

  Image Entry point : 0x0800018d

  Load Region LR_IROM1 (Base: 0x08000000, Size: 0x00006ed0, Max: 0x00040000, ABSOLUTE)

    Execution Region ER_IROM1 (Exec base: 0x08000000, Load base: 0x08000000, Size: 0x00006ebc, Max: 0x00040000, ABSOLUTE)

    Exec Addr    Load Addr    Size         Type   Attr      Idx    E Section Name        Object

    0x08000000   0x08000000   0x0000018c   Data   RO            3    RESET               startup_stm32l432xx.o
    0x0800018c   0x0800018c   0x00000008   Code   RO         2310  * !!!main             c_w.l(__main.o)
    0x08000194   0x08000194   0x0000005c   Code   RO         2657    !!!scatter          c_w.l(__scatter.o)
    0x080001f0   0x080001f0   0x0000001a   Code   RO         2661    !!handler_copy      c_w.l(__scatter_copy.o)
    0x0800020a   0x0800020a   0x00000002   PAD
    0x0800020c   0x0800020c   0x00000002   Code   RO         2658    !!handler_null      c_w.l(__scatter.o)
    0x0800020e   0x0800020e   0x00000002   PAD
    0x08000210   0x08000210   0x0000001c   Code   RO         2663    !!handler_zi        c_w.l(__scatter_zi.o)
    0x0800022c   0x0800022c   0x00000000   Code   RO         2398    .ARM.Collect$$_printf_percent$$00000000  c_w.l(_printf_percent.o)
    0x0800022c   0x0800022c   0x00000006   Code   RO         2387    .ARM.Collect$$_printf_percent$$00000001  c_w.l(_printf_n.o)
    0x08000232   0x08000232   0x00000006   Code   RO         2389    .ARM.Collect$$_printf_percent$$00000002  c_w.l(_printf_p.o)
    0x08000238   0x08000238   0x00000006   Code   RO         2394    .ARM.Collect$$_printf_percent$$00000003  c_w.l(_printf_f.o)
    0x0800023e   0x0800023e   0x00000006   Code   RO         2395    .ARM.Collect$$_printf_percent$$00000004  c_w.l(_printf_e.o)
    0x08000244   0x08000244   0x00000006   Code   RO         2396    .ARM.Collect$$_printf_percent$$00000005  c_w.l(_printf_g.o)
    0x0800024a   0x0800024a   0x00000006   Code   RO         2397    .ARM.Collect$$_printf_percent$$00000006  c_w.l(_printf_a.o)
    0x08000250   0x08000250   0x0000000a   Code   RO         2402    .ARM.Collect$$_printf_percent$$00000007  c_w.l(_printf_ll.o)
    0x0800025a   0x0800025a   0x00000006   Code   RO         2391    .ARM.Collect$$_printf_percent$$00000008  c_w.l(_printf_i.o)
    0x08000260   0x08000260   0x00000006   Code   RO         2392    .ARM.Collect$$_printf_percent$$00000009  c_w.l(_printf_d.o)
    0x08000266   0x08000266   0x00000006   Code   RO         2393    .ARM.Collect$$_printf_percent$$0000000A  c_w.l(_printf_u.o)
    0x0800026c   0x0800026c   0x00000006   Code   RO         2390    .ARM.Collect$$_printf_percent$$0000000B  c_w.l(_printf_o.o)
    0x08000272   0x08000272   0x00000006   Code   RO         2388    .ARM.Collect$$_printf_percent$$0000000C  c_w.l(_printf_x.o)
    0x08000278   0x08000278   0x00000006   Code   RO         2399    .ARM.Collect$$_printf_percent$$0000000D  c_w.l(_printf_lli.o)
    0x0800027e   0x0800027e   0x00000006   Code   RO         2400    .ARM.Collect$$_printf_percent$$0000000E  c_w.l(_printf_lld.o)
    0x08000284   0x08000284   0x00000006   Code   RO         2401    .ARM.Collect$$_printf_percent$$0000000F  c_w.l(_printf_llu.o)
    0x0800028a   0x0800028a   0x00000006   Code   RO         2406    .ARM.Collect$$_printf_percent$$00000010  c_w.l(_printf_llo.o)
    0x08000290   0x08000290   0x00000006   Code   RO         2407    .ARM.Collect$$_printf_percent$$00000011  c_w.l(_printf_llx.o)
    0x08000296   0x08000296   0x0000000a   Code   RO         2403    .ARM.Collect$$_printf_percent$$00000012  c_w.l(_printf_l.o)
    0x080002a0   0x080002a0   0x00000006   Code   RO         2385    .ARM.Collect$$_printf_percent$$00000013  c_w.l(_printf_c.o)
    0x080002a6   0x080002a6   0x00000006   Code   RO         2386    .ARM.Collect$$_printf_percent$$00000014  c_w.l(_printf_s.o)
    0x080002ac   0x080002ac   0x00000006   Code   RO         2404    .ARM.Collect$$_printf_percent$$00000015  c_w.l(_printf_lc.o)
    0x080002b2   0x080002b2   0x00000006   Code   RO         2405    .ARM.Collect$$_printf_percent$$00000016  c_w.l(_printf_ls.o)
    0x080002b8   0x080002b8   0x00000004   Code   RO         2452    .ARM.Collect$$_printf_percent$$00000017  c_w.l(_printf_percent_end.o)
    0x080002bc   0x080002bc   0x00000002   Code   RO         2507    .ARM.Collect$$libinit$$00000000  c_w.l(libinit.o)
    0x080002be   0x080002be   0x00000004   Code   RO         2531    .ARM.Collect$$libinit$$00000001  c_w.l(libinit2.o)
    0x080002c2   0x080002c2   0x00000000   Code   RO         2534    .ARM.Collect$$libinit$$00000004  c_w.l(libinit2.o)
    0x080002c2   0x080002c2   0x00000000   Code   RO         2536    .ARM.Collect$$libinit$$00000006  c_w.l(libinit2.o)
    0x080002c2   0x080002c2   0x00000000   Code   RO         2539    .ARM.Collect$$libinit$$0000000C  c_w.l(libinit2.o)
    0x080002c2   0x080002c2   0x00000000   Code   RO         2541    .ARM.Collect$$libinit$$0000000E  c_w.l(libinit2.o)
    0x080002c2   0x080002c2   0x00000000   Code   RO         2543    .ARM.Collect$$libinit$$00000010  c_w.l(libinit2.o)
    0x080002c2   0x080002c2   0x00000006   Code   RO         2544    .ARM.Collect$$libinit$$00000011  c_w.l(libinit2.o)
    0x080002c8   0x080002c8   0x00000000   Code   RO         2546    .ARM.Collect$$libinit$$00000013  c_w.l(libinit2.o)
    0x080002c8   0x080002c8   0x0000000c   Code   RO         2547    .ARM.Collect$$libinit$$00000014  c_w.l(libinit2.o)
    0x080002d4   0x080002d4   0x00000000   Code   RO         2548    .ARM.Collect$$libinit$$00000015  c_w.l(libinit2.o)
    0x080002d4   0x080002d4   0x00000000   Code   RO         2550    .ARM.Collect$$libinit$$00000017  c_w.l(libinit2.o)
    0x080002d4   0x080002d4   0x0000000a   Code   RO         2551    .ARM.Collect$$libinit$$00000018  c_w.l(libinit2.o)
    0x080002de   0x080002de   0x00000000   Code   RO         2552    .ARM.Collect$$libinit$$00000019  c_w.l(libinit2.o)
    0x080002de   0x080002de   0x00000000   Code   RO         2554    .ARM.Collect$$libinit$$0000001B  c_w.l(libinit2.o)
    0x080002de   0x080002de   0x00000000   Code   RO         2556    .ARM.Collect$$libinit$$0000001D  c_w.l(libinit2.o)
    0x080002de   0x080002de   0x00000000   Code   RO         2558    .ARM.Collect$$libinit$$0000001F  c_w.l(libinit2.o)
    0x080002de   0x080002de   0x00000000   Code   RO         2560    .ARM.Collect$$libinit$$00000021  c_w.l(libinit2.o)
    0x080002de   0x080002de   0x00000000   Code   RO         2562    .ARM.Collect$$libinit$$00000023  c_w.l(libinit2.o)
    0x080002de   0x080002de   0x00000000   Code   RO         2564    .ARM.Collect$$libinit$$00000025  c_w.l(libinit2.o)
    0x080002de   0x080002de   0x00000000   Code   RO         2566    .ARM.Collect$$libinit$$00000027  c_w.l(libinit2.o)
    0x080002de   0x080002de   0x00000000   Code   RO         2570    .ARM.Collect$$libinit$$0000002E  c_w.l(libinit2.o)
    0x080002de   0x080002de   0x00000000   Code   RO         2572    .ARM.Collect$$libinit$$00000030  c_w.l(libinit2.o)
    0x080002de   0x080002de   0x00000000   Code   RO         2574    .ARM.Collect$$libinit$$00000032  c_w.l(libinit2.o)
    0x080002de   0x080002de   0x00000000   Code   RO         2576    .ARM.Collect$$libinit$$00000034  c_w.l(libinit2.o)
    0x080002de   0x080002de   0x00000002   Code   RO         2577    .ARM.Collect$$libinit$$00000035  c_w.l(libinit2.o)
    0x080002e0   0x080002e0   0x00000002   Code   RO         2612    .ARM.Collect$$libshutdown$$00000000  c_w.l(libshutdown.o)
    0x080002e2   0x080002e2   0x00000000   Code   RO         2640    .ARM.Collect$$libshutdown$$00000002  c_w.l(libshutdown2.o)
    0x080002e2   0x080002e2   0x00000000   Code   RO         2642    .ARM.Collect$$libshutdown$$00000004  c_w.l(libshutdown2.o)
    0x080002e2   0x080002e2   0x00000000   Code   RO         2645    .ARM.Collect$$libshutdown$$00000007  c_w.l(libshutdown2.o)
    0x080002e2   0x080002e2   0x00000000   Code   RO         2648    .ARM.Collect$$libshutdown$$0000000A  c_w.l(libshutdown2.o)
    0x080002e2   0x080002e2   0x00000000   Code   RO         2650    .ARM.Collect$$libshutdown$$0000000C  c_w.l(libshutdown2.o)
    0x080002e2   0x080002e2   0x00000000   Code   RO         2653    .ARM.Collect$$libshutdown$$0000000F  c_w.l(libshutdown2.o)
    0x080002e2   0x080002e2   0x00000002   Code   RO         2654    .ARM.Collect$$libshutdown$$00000010  c_w.l(libshutdown2.o)
    0x080002e4   0x080002e4   0x00000000   Code   RO         2312    .ARM.Collect$$rtentry$$00000000  c_w.l(__rtentry.o)
    0x080002e4   0x080002e4   0x00000000   Code   RO         2419    .ARM.Collect$$rtentry$$00000002  c_w.l(__rtentry2.o)
    0x080002e4   0x080002e4   0x00000006   Code   RO         2431    .ARM.Collect$$rtentry$$00000004  c_w.l(__rtentry4.o)
    0x080002ea   0x080002ea   0x00000000   Code   RO         2421    .ARM.Collect$$rtentry$$00000009  c_w.l(__rtentry2.o)
    0x080002ea   0x080002ea   0x00000004   Code   RO         2422    .ARM.Collect$$rtentry$$0000000A  c_w.l(__rtentry2.o)
    0x080002ee   0x080002ee   0x00000000   Code   RO         2424    .ARM.Collect$$rtentry$$0000000C  c_w.l(__rtentry2.o)
    0x080002ee   0x080002ee   0x00000008   Code   RO         2425    .ARM.Collect$$rtentry$$0000000D  c_w.l(__rtentry2.o)
    0x080002f6   0x080002f6   0x00000002   Code   RO         2516    .ARM.Collect$$rtexit$$00000000  c_w.l(rtexit.o)
    0x080002f8   0x080002f8   0x00000000   Code   RO         2583    .ARM.Collect$$rtexit$$00000002  c_w.l(rtexit2.o)
    0x080002f8   0x080002f8   0x00000004   Code   RO         2584    .ARM.Collect$$rtexit$$00000003  c_w.l(rtexit2.o)
    0x080002fc   0x080002fc   0x00000006   Code   RO         2585    .ARM.Collect$$rtexit$$00000004  c_w.l(rtexit2.o)
    0x08000302   0x08000302   0x00000002   PAD
    0x08000304   0x08000304   0x00000040   Code   RO            4    .text               startup_stm32l432xx.o
    0x08000344   0x08000344   0x000000f0   Code   RO         2290    .text               c_w.l(lludivv7m.o)
    0x08000434   0x08000434   0x00000026   Code   RO         2292    .text               c_w.l(llushr.o)
    0x0800045a   0x0800045a   0x00000002   PAD
    0x0800045c   0x0800045c   0x0000003c   Code   RO         2294    .text               c_w.l(vsnprintf.o)
    0x08000498   0x08000498   0x0000003e   Code   RO         2296    .text               c_w.l(strlen.o)
    0x080004d6   0x080004d6   0x0000008a   Code   RO         2298    .text               c_w.l(rt_memcpy_v6.o)
    0x08000560   0x08000560   0x00000010   Code   RO         2302    .text               c_w.l(aeabi_memset4.o)
    0x08000570   0x08000570   0x00000044   Code   RO         2304    .text               c_w.l(rt_memclr.o)
    0x080005b4   0x080005b4   0x0000004e   Code   RO         2306    .text               c_w.l(rt_memclr_w.o)
    0x08000602   0x08000602   0x00000006   Code   RO         2308    .text               c_w.l(heapauxi.o)
    0x08000608   0x08000608   0x0000004e   Code   RO         2319    .text               c_w.l(_printf_pad.o)
    0x08000656   0x08000656   0x00000024   Code   RO         2321    .text               c_w.l(_printf_truncate.o)
    0x0800067a   0x0800067a   0x00000052   Code   RO         2323    .text               c_w.l(_printf_str.o)
    0x080006cc   0x080006cc   0x00000078   Code   RO         2325    .text               c_w.l(_printf_dec.o)
    0x08000744   0x08000744   0x00000028   Code   RO         2327    .text               c_w.l(_printf_charcount.o)
    0x0800076c   0x0800076c   0x00000030   Code   RO         2329    .text               c_w.l(_printf_char_common.o)
    0x0800079c   0x0800079c   0x00000010   Code   RO         2331    .text               c_w.l(_snputc.o)
    0x080007ac   0x080007ac   0x000000c2   Code   RO         2333    .text               c_w.l(_printf_wctomb.o)
    0x0800086e   0x0800086e   0x00000002   PAD
    0x08000870   0x08000870   0x0000007c   Code   RO         2336    .text               c_w.l(_printf_longlong_dec.o)
    0x080008ec   0x080008ec   0x00000070   Code   RO         2342    .text               c_w.l(_printf_oct_int_ll.o)
    0x0800095c   0x0800095c   0x00000094   Code   RO         2362    .text               c_w.l(_printf_hex_int_ll_ptr.o)
    0x080009f0   0x080009f0   0x0000018e   Code   RO         2382    .text               c_w.l(__printf_flags_ss_wp.o)
    0x08000b7e   0x08000b7e   0x00000064   Code   RO         2408    .text               c_w.l(rt_memcpy_w.o)
    0x08000be2   0x08000be2   0x0000008a   Code   RO         2435    .text               c_w.l(lludiv10.o)
    0x08000c6c   0x08000c6c   0x000000b2   Code   RO         2437    .text               c_w.l(_printf_intcommon.o)
    0x08000d1e   0x08000d1e   0x00000422   Code   RO         2439    .text               c_w.l(_printf_fp_dec.o)
    0x08001140   0x08001140   0x00000302   Code   RO         2443    .text               c_w.l(_printf_fp_hex.o)
    0x08001442   0x08001442   0x0000002c   Code   RO         2448    .text               c_w.l(_printf_char.o)
    0x0800146e   0x0800146e   0x0000002c   Code   RO         2450    .text               c_w.l(_printf_wchar.o)
    0x0800149a   0x0800149a   0x00000048   Code   RO         2453    .text               c_w.l(_c16rtomb.o)
    0x080014e2   0x080014e2   0x0000004a   Code   RO         2455    .text               c_w.l(sys_stackheap_outer.o)
    0x0800152c   0x0800152c   0x00000010   Code   RO         2457    .text               c_w.l(rt_ctype_table.o)
    0x0800153c   0x0800153c   0x00000008   Code   RO         2462    .text               c_w.l(rt_locale_intlibspace.o)
    0x08001544   0x08001544   0x00000080   Code   RO         2464    .text               c_w.l(_printf_fp_infnan.o)
    0x080015c4   0x080015c4   0x000000e4   Code   RO         2466    .text               c_w.l(bigflt0.o)
    0x080016a8   0x080016a8   0x00000012   Code   RO         2496    .text               c_w.l(exit.o)
    0x080016ba   0x080016ba   0x00000002   PAD
    0x080016bc   0x080016bc   0x00000008   Code   RO         2513    .text               c_w.l(libspace.o)
    0x080016c4   0x080016c4   0x00000004   PAD
    0x080016c8   0x080016c8   0x0000007c   Code   RO         2529    .text               c_w.l(strcmpv7em.o)
    0x08001744   0x08001744   0x0000000c   Code   RO         2578    .text               c_w.l(sys_exit.o)
    0x08001750   0x08001750   0x00000002   Code   RO         2601    .text               c_w.l(use_no_semi.o)
    0x08001752   0x08001752   0x00000000   Code   RO         2603    .text               c_w.l(indicate_semi.o)
    0x08001752   0x08001752   0x00000002   Code   RO          127    .text.BusFault_Handler  stm32l4xx_it.o
    0x08001754   0x08001754   0x00000002   Code   RO          131    .text.DebugMon_Handler  stm32l4xx_it.o
    0x08001756   0x08001756   0x00000008   Code   RO          135    .text.EXTI15_10_IRQHandler  stm32l4xx_it.o
    0x0800175e   0x0800175e   0x00000008   Code   RO          133    .text.EXTI9_5_IRQHandler  stm32l4xx_it.o
    0x08001766   0x08001766   0x00000008   Code   RO           94    .text.Error_Handler  main.o
    0x0800176e   0x0800176e   0x00000002   PAD
    0x08001770   0x08001770   0x00000020   Code   RO          742    .text.HAL_Delay     stm32l4xx_hal.o
    0x08001790   0x08001790   0x00000034   Code   RO           76    .text.HAL_GPIO_EXTI_Callback  main.o
    0x080017c4   0x080017c4   0x00000014   Code   RO          994    .text.HAL_GPIO_EXTI_IRQHandler  stm32l4xx_hal_gpio.o
    0x080017d8   0x080017d8   0x0000019e   Code   RO          982    .text.HAL_GPIO_Init  stm32l4xx_hal_gpio.o
    0x08001976   0x08001976   0x0000000c   Code   RO          988    .text.HAL_GPIO_WritePin  stm32l4xx_hal_gpio.o
    0x08001982   0x08001982   0x00000002   PAD
    0x08001984   0x08001984   0x00000008   Code   RO          734    .text.HAL_GetTick   stm32l4xx_hal.o
    0x0800198c   0x0800198c   0x00000018   Code   RO          732    .text.HAL_IncTick   stm32l4xx_hal.o
    0x080019a4   0x080019a4   0x0000001c   Code   RO          722    .text.HAL_Init      stm32l4xx_hal.o
    0x080019c0   0x080019c0   0x00000094   Code   RO          166    .text.HAL_InitTick  stm32l4xx_hal_timebase_tim.o
    0x08001a54   0x08001a54   0x0000003c   Code   RO          146    .text.HAL_MspInit   stm32l4xx_hal_msp.o
    0x08001a90   0x08001a90   0x00000020   Code   RO         1173    .text.HAL_NVIC_EnableIRQ  stm32l4xx_hal_cortex.o
    0x08001ab0   0x08001ab0   0x0000004c   Code   RO         1171    .text.HAL_NVIC_SetPriority  stm32l4xx_hal_cortex.o
    0x08001afc   0x08001afc   0x00000020   Code   RO         1169    .text.HAL_NVIC_SetPriorityGrouping  stm32l4xx_hal_cortex.o
    0x08001b1c   0x08001b1c   0x00000068   Code   RO         1087    .text.HAL_PWREx_ControlVoltageScaling  stm32l4xx_hal_pwr_ex.o
    0x08001b84   0x08001b84   0x0000000c   Code   RO         1085    .text.HAL_PWREx_GetVoltageRange  stm32l4xx_hal_pwr_ex.o
    0x08001b90   0x08001b90   0x0000022c   Code   RO          846    .text.HAL_RCCEx_PeriphCLKConfig  stm32l4xx_hal_rcc_ex.o
    0x08001dbc   0x08001dbc   0x00000140   Code   RO          804    .text.HAL_RCC_ClockConfig  stm32l4xx_hal_rcc.o
    0x08001efc   0x08001efc   0x0000003c   Code   RO          816    .text.HAL_RCC_GetClockConfig  stm32l4xx_hal_rcc.o
    0x08001f38   0x08001f38   0x00000014   Code   RO          810    .text.HAL_RCC_GetPCLK1Freq  stm32l4xx_hal_rcc.o
    0x08001f4c   0x08001f4c   0x00000020   Code   RO          812    .text.HAL_RCC_GetPCLK2Freq  stm32l4xx_hal_rcc.o
    0x08001f6c   0x08001f6c   0x000000ac   Code   RO          802    .text.HAL_RCC_GetSysClockFreq  stm32l4xx_hal_rcc.o
    0x08002018   0x08002018   0x00000518   Code   RO          798    .text.HAL_RCC_OscConfig  stm32l4xx_hal_rcc.o
    0x08002530   0x08002530   0x000000ce   Code   RO         1249    .text.HAL_SPI_Init  stm32l4xx_hal_spi.o
    0x080025fe   0x080025fe   0x00000002   PAD
    0x08002600   0x08002600   0x00000058   Code   RO          148    .text.HAL_SPI_MspInit  stm32l4xx_hal_msp.o
    0x08002658   0x08002658   0x0000015e   Code   RO         1257    .text.HAL_SPI_Transmit  stm32l4xx_hal_spi.o
    0x080027b6   0x080027b6   0x00000228   Code   RO         1263    .text.HAL_SPI_TransmitReceive  stm32l4xx_hal_spi.o
    0x080029de   0x080029de   0x00000002   Code   RO          658    .text.HAL_TIMEx_Break2Callback  stm32l4xx_hal_tim_ex.o
    0x080029e0   0x080029e0   0x00000002   Code   RO          656    .text.HAL_TIMEx_BreakCallback  stm32l4xx_hal_tim_ex.o
    0x080029e2   0x080029e2   0x00000002   Code   RO          652    .text.HAL_TIMEx_CommutCallback  stm32l4xx_hal_tim_ex.o
    0x080029e4   0x080029e4   0x00000024   Code   RO          181    .text.HAL_TIM_Base_Init  stm32l4xx_hal_tim.o
    0x08002a08   0x08002a08   0x00000002   Code   RO          183    .text.HAL_TIM_Base_MspInit  stm32l4xx_hal_tim.o
    0x08002a0a   0x08002a0a   0x00000002   PAD
    0x08002a0c   0x08002a0c   0x00000058   Code   RO          195    .text.HAL_TIM_Base_Start_IT  stm32l4xx_hal_tim.o
    0x08002a64   0x08002a64   0x00000002   Code   RO          317    .text.HAL_TIM_IC_CaptureCallback  stm32l4xx_hal_tim.o
    0x08002a66   0x08002a66   0x00000122   Code   RO          315    .text.HAL_TIM_IRQHandler  stm32l4xx_hal_tim.o
    0x08002b88   0x08002b88   0x00000002   Code   RO          319    .text.HAL_TIM_OC_DelayElapsedCallback  stm32l4xx_hal_tim.o
    0x08002b8a   0x08002b8a   0x00000002   Code   RO          321    .text.HAL_TIM_PWM_PulseFinishedCallback  stm32l4xx_hal_tim.o
    0x08002b8c   0x08002b8c   0x00000014   Code   RO           98    .text.HAL_TIM_PeriodElapsedCallback  main.o
    0x08002ba0   0x08002ba0   0x00000002   Code   RO          325    .text.HAL_TIM_TriggerCallback  stm32l4xx_hal_tim.o
    0x08002ba2   0x08002ba2   0x00000038   Code   RO         1448    .text.HAL_UART_Init  stm32l4xx_hal_uart.o
    0x08002bda   0x08002bda   0x00000002   PAD
    0x08002bdc   0x08002bdc   0x00000088   Code   RO          152    .text.HAL_UART_MspInit  stm32l4xx_hal_msp.o
    0x08002c64   0x08002c64   0x000000b0   Code   RO         1468    .text.HAL_UART_Transmit  stm32l4xx_hal_uart.o
    0x08002d14   0x08002d14   0x00000002   Code   RO          123    .text.HardFault_Handler  stm32l4xx_it.o
    0x08002d16   0x08002d16   0x00000002   Code   RO          125    .text.MemManage_Handler  stm32l4xx_it.o
    0x08002d18   0x08002d18   0x00000002   Code   RO          121    .text.NMI_Handler   stm32l4xx_it.o
    0x08002d1a   0x08002d1a   0x00000006   Code   RO           43    .text.OUTLINED_FUNCTION_0  lora.o
    0x08002d20   0x08002d20   0x00000008   Code   RO          100    .text.OUTLINED_FUNCTION_0  main.o
    0x08002d28   0x08002d28   0x00000016   Code   RO          156    .text.OUTLINED_FUNCTION_0  stm32l4xx_hal_msp.o
    0x08002d3e   0x08002d3e   0x0000002e   Code   RO          417    .text.OUTLINED_FUNCTION_0  stm32l4xx_hal_tim.o
    0x08002d6c   0x08002d6c   0x00000024   Code   RO          826    .text.OUTLINED_FUNCTION_0  stm32l4xx_hal_rcc.o
    0x08002d90   0x08002d90   0x00000014   Code   RO          828    .text.OUTLINED_FUNCTION_1  stm32l4xx_hal_rcc.o
    0x08002da4   0x08002da4   0x00000010   Code   RO          900    .text.OUTLINED_FUNCTION_1  stm32l4xx_hal_rcc_ex.o
    0x08002db4   0x08002db4   0x00000010   Code   RO         1363    .text.OUTLINED_FUNCTION_1  stm32l4xx_hal_spi.o
    0x08002dc4   0x08002dc4   0x00000014   Code   RO         1580    .text.OUTLINED_FUNCTION_1  stm32l4xx_hal_uart.o
    0x08002dd8   0x08002dd8   0x0000000c   Code   RO         1598    .text.OUTLINED_FUNCTION_10  stm32l4xx_hal_uart.o
    0x08002de4   0x08002de4   0x00000008   Code   RO         1600    .text.OUTLINED_FUNCTION_11  stm32l4xx_hal_uart.o
    0x08002dec   0x08002dec   0x0000000a   Code   RO         1385    .text.OUTLINED_FUNCTION_12  stm32l4xx_hal_spi.o
    0x08002df6   0x08002df6   0x0000000c   Code   RO         1391    .text.OUTLINED_FUNCTION_15  stm32l4xx_hal_spi.o
    0x08002e02   0x08002e02   0x0000000e   Code   RO         1393    .text.OUTLINED_FUNCTION_16  stm32l4xx_hal_spi.o
    0x08002e10   0x08002e10   0x00000012   Code   RO         1395    .text.OUTLINED_FUNCTION_17  stm32l4xx_hal_spi.o
    0x08002e22   0x08002e22   0x00000014   Code   RO         1612    .text.OUTLINED_FUNCTION_17  stm32l4xx_hal_uart.o
    0x08002e36   0x08002e36   0x00000012   Code   RO         1397    .text.OUTLINED_FUNCTION_18  stm32l4xx_hal_spi.o
    0x08002e48   0x08002e48   0x00000014   Code   RO         1614    .text.OUTLINED_FUNCTION_18  stm32l4xx_hal_uart.o
    0x08002e5c   0x08002e5c   0x0000000c   Code   RO         1616    .text.OUTLINED_FUNCTION_19  stm32l4xx_hal_uart.o
    0x08002e68   0x08002e68   0x00000006   Code   RO          830    .text.OUTLINED_FUNCTION_2  stm32l4xx_hal_rcc.o
    0x08002e6e   0x08002e6e   0x0000000c   Code   RO         1618    .text.OUTLINED_FUNCTION_20  stm32l4xx_hal_uart.o
    0x08002e7a   0x08002e7a   0x00000010   Code   RO         1403    .text.OUTLINED_FUNCTION_21  stm32l4xx_hal_spi.o
    0x08002e8a   0x08002e8a   0x00000006   Code   RO         1405    .text.OUTLINED_FUNCTION_22  stm32l4xx_hal_spi.o
    0x08002e90   0x08002e90   0x00000008   Code   RO          463    .text.OUTLINED_FUNCTION_23  stm32l4xx_hal_tim.o
    0x08002e98   0x08002e98   0x0000000a   Code   RO         1407    .text.OUTLINED_FUNCTION_23  stm32l4xx_hal_spi.o
    0x08002ea2   0x08002ea2   0x0000000e   Code   RO         1626    .text.OUTLINED_FUNCTION_24  stm32l4xx_hal_uart.o
    0x08002eb0   0x08002eb0   0x0000000a   Code   RO          467    .text.OUTLINED_FUNCTION_25  stm32l4xx_hal_tim.o
    0x08002eba   0x08002eba   0x0000000a   Code   RO         1411    .text.OUTLINED_FUNCTION_25  stm32l4xx_hal_spi.o
    0x08002ec4   0x08002ec4   0x00000006   Code   RO         1628    .text.OUTLINED_FUNCTION_25  stm32l4xx_hal_uart.o
    0x08002eca   0x08002eca   0x00000006   Code   RO         1630    .text.OUTLINED_FUNCTION_26  stm32l4xx_hal_uart.o
    0x08002ed0   0x08002ed0   0x0000000e   Code   RO          423    .text.OUTLINED_FUNCTION_3  stm32l4xx_hal_tim.o
    0x08002ede   0x08002ede   0x00000008   Code   RO          832    .text.OUTLINED_FUNCTION_3  stm32l4xx_hal_rcc.o
    0x08002ee6   0x08002ee6   0x00000008   Code   RO         1429    .text.OUTLINED_FUNCTION_34  stm32l4xx_hal_spi.o
    0x08002eee   0x08002eee   0x0000000a   Code   RO          834    .text.OUTLINED_FUNCTION_4  stm32l4xx_hal_rcc.o
    0x08002ef8   0x08002ef8   0x0000000a   Code   RO         1369    .text.OUTLINED_FUNCTION_4  stm32l4xx_hal_spi.o
    0x08002f02   0x08002f02   0x00000014   Code   RO         1586    .text.OUTLINED_FUNCTION_4  stm32l4xx_hal_uart.o
    0x08002f16   0x08002f16   0x00000014   Code   RO          497    .text.OUTLINED_FUNCTION_40  stm32l4xx_hal_tim.o
    0x08002f2a   0x08002f2a   0x0000000e   Code   RO          836    .text.OUTLINED_FUNCTION_5  stm32l4xx_hal_rcc.o
    0x08002f38   0x08002f38   0x00000012   Code   RO         1371    .text.OUTLINED_FUNCTION_5  stm32l4xx_hal_spi.o
    0x08002f4a   0x08002f4a   0x0000000a   Code   RO          517    .text.OUTLINED_FUNCTION_50  stm32l4xx_hal_tim.o
    0x08002f54   0x08002f54   0x00000012   Code   RO         1373    .text.OUTLINED_FUNCTION_6  stm32l4xx_hal_spi.o
    0x08002f66   0x08002f66   0x0000000a   Code   RO         1590    .text.OUTLINED_FUNCTION_6  stm32l4xx_hal_uart.o
    0x08002f70   0x08002f70   0x00000006   Code   RO          539    .text.OUTLINED_FUNCTION_61  stm32l4xx_hal_tim.o
    0x08002f76   0x08002f76   0x00000008   Code   RO          547    .text.OUTLINED_FUNCTION_65  stm32l4xx_hal_tim.o
    0x08002f7e   0x08002f7e   0x0000000c   Code   RO         1592    .text.OUTLINED_FUNCTION_7  stm32l4xx_hal_uart.o
    0x08002f8a   0x08002f8a   0x00000014   Code   RO         1594    .text.OUTLINED_FUNCTION_8  stm32l4xx_hal_uart.o
    0x08002f9e   0x08002f9e   0x0000000c   Code   RO          435    .text.OUTLINED_FUNCTION_9  stm32l4xx_hal_tim.o
    0x08002faa   0x08002faa   0x00000002   PAD
    0x08002fac   0x08002fac   0x00000076   Code   RO         2272    .text.PendSV_Handler  port.o
    0x08003022   0x08003022   0x00000002   PAD
    0x08003024   0x08003024   0x00000114   Code   RO          848    .text.RCCEx_PLLSAI1_Config  stm32l4xx_hal_rcc_ex.o
    0x08003138   0x08003138   0x00000084   Code   RO          800    .text.RCC_SetFlashLatencyFromMSIRange  stm32l4xx_hal_rcc.o
    0x080031bc   0x080031bc   0x0000002e   Code   RO         1259    .text.SPI_EndRxTxTransaction  stm32l4xx_hal_spi.o
    0x080031ea   0x080031ea   0x00000002   PAD
    0x080031ec   0x080031ec   0x000000ae   Code   RO         1315    .text.SPI_WaitFifoStateUntilTimeout  stm32l4xx_hal_spi.o
    0x0800329a   0x0800329a   0x00000002   PAD
    0x0800329c   0x0800329c   0x0000007c   Code   RO         1317    .text.SPI_WaitFlagStateUntilTimeout  stm32l4xx_hal_spi.o
    0x08003318   0x08003318   0x0000002a   Code   RO         2256    .text.SVC_Handler   port.o
    0x08003342   0x08003342   0x00000002   PAD
    0x08003344   0x08003344   0x00000098   Code   RO           88    .text.StartButtonTask  main.o
    0x080033dc   0x080033dc   0x00000080   Code   RO           86    .text.StartDefaultTask  main.o
    0x0800345c   0x0800345c   0x000000f0   Code   RO           90    .text.StartRadioTask  main.o
    0x0800354c   0x0800354c   0x00000028   Code   RO           92    .text.StartSirenTask  main.o
    0x08003574   0x08003574   0x0000001e   Code   RO         2061    .text.SysTick_Handler  cmsis_os2.o
    0x08003592   0x08003592   0x00000078   Code   RO           80    .text.SystemClock_Config  main.o
    0x0800360a   0x0800360a   0x00000002   PAD
    0x0800360c   0x0800360c   0x00000010   Code   RO         1673    .text.SystemInit    system_stm32l4xx.o
    0x0800361c   0x0800361c   0x0000000c   Code   RO          137    .text.TIM6_DAC_IRQHandler  stm32l4xx_it.o
    0x08003628   0x08003628   0x0000007c   Code   RO          185    .text.TIM_Base_SetConfig  stm32l4xx_hal_tim.o
    0x080036a4   0x080036a4   0x000000a8   Code   RO         1452    .text.UART_AdvFeatureConfig  stm32l4xx_hal_uart.o
    0x0800374c   0x0800374c   0x00000088   Code   RO         1456    .text.UART_CheckIdleState  stm32l4xx_hal_uart.o
    0x080037d4   0x080037d4   0x0000003e   Code   RO         1504    .text.UART_EndRxTransfer  stm32l4xx_hal_uart.o
    0x08003812   0x08003812   0x00000002   PAD
    0x08003814   0x08003814   0x000001b0   Code   RO         1454    .text.UART_SetConfig  stm32l4xx_hal_uart.o
    0x080039c4   0x080039c4   0x00000088   Code   RO         1470    .text.UART_WaitOnFlagUntilTimeout  stm32l4xx_hal_uart.o
    0x08003a4c   0x08003a4c   0x00000002   Code   RO          129    .text.UsageFault_Handler  stm32l4xx_it.o
    0x08003a4e   0x08003a4e   0x00000002   PAD
    0x08003a50   0x08003a50   0x0000000c   Code   RO           13    .text.cs_high       lora.o
    0x08003a5c   0x08003a5c   0x0000000c   Code   RO           41    .text.cs_low        lora.o
    0x08003a68   0x08003a68   0x000000e4   Code   RO           56    .text.hmac_sha256   packet.o
    0x08003b4c   0x08003b4c   0x00000028   Code   RO           39    .text.lora_handle_dio0_irq  lora.o
    0x08003b74   0x08003b74   0x000000a8   Code   RO           11    .text.lora_init     lora.o
    0x08003c1c   0x08003c1c   0x000000b4   Code   RO           33    .text.lora_send     lora.o
    0x08003cd0   0x08003cd0   0x0000001a   Code   RO           25    .text.lora_set_bandwidth_125khz  lora.o
    0x08003cea   0x08003cea   0x00000018   Code   RO           27    .text.lora_set_coding_rate_4_5  lora.o
    0x08003d02   0x08003d02   0x00000002   PAD
    0x08003d04   0x08003d04   0x00000034   Code   RO           21    .text.lora_set_frequency  lora.o
    0x08003d38   0x08003d38   0x00000054   Code   RO           23    .text.lora_set_spreading_factor  lora.o
    0x08003d8c   0x08003d8c   0x0000000e   Code   RO           31    .text.lora_set_sync_word  lora.o
    0x08003d9a   0x08003d9a   0x0000002a   Code   RO           29    .text.lora_set_tx_power  lora.o
    0x08003dc4   0x08003dc4   0x000002c4   Code   RO           78    .text.main          main.o
    0x08004088   0x08004088   0x00000022   Code   RO         2121    .text.osDelay       cmsis_os2.o
    0x080040aa   0x080040aa   0x00000002   PAD
    0x080040ac   0x080040ac   0x00000028   Code   RO         2063    .text.osKernelInitialize  cmsis_os2.o
    0x080040d4   0x080040d4   0x0000003c   Code   RO         2069    .text.osKernelStart  cmsis_os2.o
    0x08004110   0x08004110   0x000000be   Code   RO         2085    .text.osThreadNew   cmsis_os2.o
    0x080041ce   0x080041ce   0x0000001e   Code   RO           54    .text.packet_sign   packet.o
    0x080041ec   0x080041ec   0x0000011c   Code   RO         1871    .text.prvAddNewTaskToReadyList  tasks.o
    0x08004308   0x08004308   0x0000007c   Code   RO         2006    .text.prvCheckForValidListAndQueue  timers.o
    0x08004384   0x08004384   0x00000096   Code   RO         1903    .text.prvIdleTask   tasks.o
    0x0800441a   0x0800441a   0x00000002   PAD
    0x0800441c   0x0800441c   0x00000028   Code   RO         2264    .text.prvPortStartFirstTask  port.o
    0x08004444   0x08004444   0x000000f4   Code   RO         2042    .text.prvSampleTimeNow  timers.o
    0x08004538   0x08004538   0x00000032   Code   RO         2254    .text.prvTaskExitError  port.o
    0x0800456a   0x0800456a   0x00000002   PAD
    0x0800456c   0x0800456c   0x000002da   Code   RO         2008    .text.prvTimerTask  timers.o
    0x08004846   0x08004846   0x00000002   PAD
    0x08004848   0x08004848   0x00000074   Code   RO         1770    .text.prvUnlockQueue  queue.o
    0x080048bc   0x080048bc   0x000001a0   Code   RO         2224    .text.pvPortMalloc  heap_4.o
    0x08004a5c   0x08004a5c   0x00000024   Code   RO         2252    .text.pxPortInitialiseStack  port.o
    0x08004a80   0x08004a80   0x00000034   Code   RO           17    .text.reg_read      lora.o
    0x08004ab4   0x08004ab4   0x00000030   Code   RO           15    .text.reg_write     lora.o
    0x08004ae4   0x08004ae4   0x00000010   Code   RO           84    .text.set_led       main.o
    0x08004af4   0x08004af4   0x0000000a   Code   RO           19    .text.set_mode      lora.o
    0x08004afe   0x08004afe   0x00000002   PAD
    0x08004b00   0x08004b00   0x00000126   Code   RO           64    .text.sha256_compress  packet.o
    0x08004c26   0x08004c26   0x000000ac   Code   RO           62    .text.sha256_final  packet.o
    0x08004cd2   0x08004cd2   0x0000005c   Code   RO           60    .text.sha256_update  packet.o
    0x08004d2e   0x08004d2e   0x00000002   PAD
    0x08004d30   0x08004d30   0x00000038   Code   RO           96    .text.uart_log      main.o
    0x08004d68   0x08004d68   0x00000020   Code   RO           82    .text.uart_send     main.o
    0x08004d88   0x08004d88   0x00000024   Code   RO         1734    .text.uxListRemove  list.o
    0x08004dac   0x08004dac   0x0000001a   Code   RO         2207    .text.vApplicationGetIdleTaskMemory  cmsis_os2.o
    0x08004dc6   0x08004dc6   0x00000002   PAD
    0x08004dc8   0x08004dc8   0x0000001c   Code   RO         2209    .text.vApplicationGetTimerTaskMemory  cmsis_os2.o
    0x08004de4   0x08004de4   0x00000016   Code   RO         1726    .text.vListInitialise  list.o
    0x08004dfa   0x08004dfa   0x00000002   PAD
    0x08004dfc   0x08004dfc   0x00000006   Code   RO         1728    .text.vListInitialiseItem  list.o
    0x08004e02   0x08004e02   0x00000002   PAD
    0x08004e04   0x08004e04   0x0000003c   Code   RO         1732    .text.vListInsert   list.o
    0x08004e40   0x08004e40   0x0000001c   Code   RO         1730    .text.vListInsertEnd  list.o
    0x08004e5c   0x08004e5c   0x00000014   Code   RO         2262    .text.vPortEnableVFP  port.o
    0x08004e70   0x08004e70   0x00000046   Code   RO         2268    .text.vPortEnterCritical  port.o
    0x08004eb6   0x08004eb6   0x00000002   PAD
    0x08004eb8   0x08004eb8   0x0000002e   Code   RO         2270    .text.vPortExitCritical  port.o
    0x08004ee6   0x08004ee6   0x00000002   PAD
    0x08004ee8   0x08004ee8   0x000000d6   Code   RO         2226    .text.vPortFree     heap_4.o
    0x08004fbe   0x08004fbe   0x00000002   PAD
    0x08004fc0   0x08004fc0   0x00000034   Code   RO         2260    .text.vPortSetupTimerInterrupt  port.o
    0x08004ff4   0x08004ff4   0x00000028   Code   RO         1804    .text.vQueueAddToRegistry  queue.o
    0x0800501c   0x0800501c   0x00000046   Code   RO         1808    .text.vQueueWaitForMessageRestricted  queue.o
    0x08005062   0x08005062   0x00000002   PAD
    0x08005064   0x08005064   0x000000ae   Code   RO         1883    .text.vTaskDelay    tasks.o
    0x08005112   0x08005112   0x00000002   PAD
    0x08005114   0x08005114   0x0000001a   Code   RO         1933    .text.vTaskInternalSetTimeOutState  tasks.o
    0x0800512e   0x0800512e   0x00000002   PAD
    0x08005130   0x08005130   0x0000000e   Code   RO         1937    .text.vTaskMissedYield  tasks.o
    0x0800513e   0x0800513e   0x00000002   PAD
    0x08005140   0x08005140   0x0000009e   Code   RO         1921    .text.vTaskPlaceOnEventList  tasks.o
    0x080051de   0x080051de   0x00000002   PAD
    0x080051e0   0x080051e0   0x000000b6   Code   RO         1925    .text.vTaskPlaceOnEventListRestricted  tasks.o
    0x08005296   0x08005296   0x00000002   PAD
    0x08005298   0x08005298   0x000000a4   Code   RO         1901    .text.vTaskStartScheduler  tasks.o
    0x0800533c   0x0800533c   0x00000010   Code   RO         1879    .text.vTaskSuspendAll  tasks.o
    0x0800534c   0x0800534c   0x00000092   Code   RO         1895    .text.vTaskSwitchContext  tasks.o
    0x080053de   0x080053de   0x00000002   PAD
    0x080053e0   0x080053e0   0x0000015e   Code   RO         2258    .text.xPortStartScheduler  port.o
    0x0800553e   0x0800553e   0x00000002   PAD
    0x08005540   0x08005540   0x0000002e   Code   RO         2274    .text.xPortSysTickHandler  port.o
    0x0800556e   0x0800556e   0x00000002   PAD
    0x08005570   0x08005570   0x000000da   Code   RO         1746    .text.xQueueGenericCreateStatic  queue.o
    0x0800564a   0x0800564a   0x00000002   PAD
    0x0800564c   0x0800564c   0x00000222   Code   RO         1760    .text.xQueueGenericSend  queue.o
    0x0800586e   0x0800586e   0x00000002   PAD
    0x08005870   0x08005870   0x000001b2   Code   RO         1776    .text.xQueueReceive  queue.o
    0x08005a22   0x08005a22   0x00000002   PAD
    0x08005a24   0x08005a24   0x00000094   Code   RO         1935    .text.xTaskCheckForTimeOut  tasks.o
    0x08005ab8   0x08005ab8   0x000000e2   Code   RO         1873    .text.xTaskCreate   tasks.o
    0x08005b9a   0x08005b9a   0x00000002   PAD
    0x08005b9c   0x08005b9c   0x000000ea   Code   RO         1869    .text.xTaskCreateStatic  tasks.o
    0x08005c86   0x08005c86   0x00000002   PAD
    0x08005c88   0x08005c88   0x00000026   Code   RO         1949    .text.xTaskGetSchedulerState  tasks.o
    0x08005cae   0x08005cae   0x00000002   PAD
    0x08005cb0   0x08005cb0   0x00000018   Code   RO         1909    .text.xTaskGetTickCount  tasks.o
    0x08005cc8   0x08005cc8   0x00000180   Code   RO         1907    .text.xTaskIncrementTick  tasks.o
    0x08005e48   0x08005e48   0x0000009a   Code   RO         1953    .text.xTaskPriorityDisinherit  tasks.o
    0x08005ee2   0x08005ee2   0x00000002   PAD
    0x08005ee4   0x08005ee4   0x0000008e   Code   RO         1927    .text.xTaskRemoveFromEventList  tasks.o
    0x08005f72   0x08005f72   0x00000002   PAD
    0x08005f74   0x08005f74   0x0000013e   Code   RO         1881    .text.xTaskResumeAll  tasks.o
    0x080060b2   0x080060b2   0x00000002   PAD
    0x080060b4   0x080060b4   0x00000074   Code   RO         2004    .text.xTimerCreateTimerTask  timers.o
    0x08006128   0x08006128   0x0000003e   Code   RO         2469    CL$$btod_d2e        c_w.l(btod.o)
    0x08006166   0x08006166   0x00000046   Code   RO         2471    CL$$btod_d2e_denorm_low  c_w.l(btod.o)
    0x080061ac   0x080061ac   0x00000060   Code   RO         2470    CL$$btod_d2e_norm_op1  c_w.l(btod.o)
    0x0800620c   0x0800620c   0x00000338   Code   RO         2479    CL$$btod_div_common  c_w.l(btod.o)
    0x08006544   0x08006544   0x000000dc   Code   RO         2476    CL$$btod_e2e        c_w.l(btod.o)
    0x08006620   0x08006620   0x0000002a   Code   RO         2473    CL$$btod_ediv       c_w.l(btod.o)
    0x0800664a   0x0800664a   0x0000002a   Code   RO         2472    CL$$btod_emul       c_w.l(btod.o)
    0x08006674   0x08006674   0x00000244   Code   RO         2478    CL$$btod_mult_common  c_w.l(btod.o)
    0x080068b8   0x080068b8   0x00000030   Code   RO         2511    i.__ARM_fpclassify  m_wm.l(fpclassify.o)
    0x080068e8   0x080068e8   0x0000000e   Code   RO         2375    i._is_digit         c_w.l(__printf_wp.o)
    0x080068f6   0x080068f6   0x00000002   PAD
    0x080068f8   0x080068f8   0x0000002c   Code   RO         2494    locale$$code        c_w.l(lc_numeric_c.o)
    0x08006924   0x08006924   0x0000002c   Code   RO         2523    locale$$code        c_w.l(lc_ctype_c.o)
    0x08006950   0x08006950   0x0000001a   Code   RO         2595    x$fpl$fpinit        fz_wm.l(fpinit.o)
    0x0800696a   0x0800696a   0x00000004   Code   RO         2410    x$fpl$printf1       fz_wm.l(printf1.o)
    0x0800696e   0x0800696e   0x00000004   Code   RO         2412    x$fpl$printf2       fz_wm.l(printf2.o)
    0x08006972   0x08006972   0x00000000   Code   RO         2510    x$fpl$usenofp       fz_wm.l(usenofp.o)
    0x08006972   0x08006972   0x00000002   PAD
    0x08006974   0x08006974   0x00000008   Data   RO         2334    .constdata          c_w.l(_printf_wctomb.o)
    0x0800697c   0x0800697c   0x00000028   Data   RO         2363    .constdata          c_w.l(_printf_hex_int_ll_ptr.o)
    0x080069a4   0x080069a4   0x00000011   Data   RO         2383    .constdata          c_w.l(__printf_flags_ss_wp.o)
    0x080069b5   0x080069b5   0x00000026   Data   RO         2444    .constdata          c_w.l(_printf_fp_hex.o)
    0x080069db   0x080069db   0x00000001   PAD
    0x080069dc   0x080069dc   0x00000094   Data   RO         2467    .constdata          c_w.l(bigflt0.o)
    0x08006a70   0x08006a70   0x00000010   Data   RO         1678    .rodata.AHBPrescTable  system_stm32l4xx.o
    0x08006a80   0x08006a80   0x00000008   Data   RO         1679    .rodata.APBPrescTable  system_stm32l4xx.o
    0x08006a88   0x08006a88   0x00000022   Data   RO          109    .rodata.HMAC_KEY    main.o
    0x08006aaa   0x08006aaa   0x00000002   PAD
    0x08006aac   0x08006aac   0x00000100   Data   RO           67    .rodata.K           packet.o
    0x08006bac   0x08006bac   0x00000030   Data   RO         1680    .rodata.MSIRangeTable  system_stm32l4xx.o
    0x08006bdc   0x08006bdc   0x00000024   Data   RO          104    .rodata.buttonTask_attributes  main.o
    0x08006c00   0x08006c00   0x00000010   Data   RO         1632    .rodata.cst16       stm32l4xx_hal_uart.o
    0x08006c10   0x08006c10   0x00000020   Data   RO           66    .rodata.cst32       packet.o
    0x08006c30   0x08006c30   0x00000024   Data   RO          103    .rodata.defaultTask_attributes  main.o
    0x08006c54   0x08006c54   0x00000024   Data   RO          105    .rodata.radioTask_attributes  main.o
    0x08006c78   0x08006c78   0x00000024   Data   RO          106    .rodata.sirenTask_attributes  main.o
    0x08006c9c   0x08006c9c   0x000000d4   Data   RO          102    .rodata.str1.1      main.o
    0x08006d70   0x08006d70   0x00000020   Data   RO         2656    Region$$Table       anon$$obj.o
    0x08006d90   0x08006d90   0x0000001c   Data   RO         2493    locale$$data        c_w.l(lc_numeric_c.o)
    0x08006dac   0x08006dac   0x00000110   Data   RO         2522    locale$$data        c_w.l(lc_ctype_c.o)


    Execution Region RW_IRAM2 (Exec base: 0x10000000, Load base: 0x08006ed0, Size: 0x00000000, Max: 0x00004000, ABSOLUTE)

    **** No section assigned to this execution region ****


    Execution Region RW_IRAM1 (Exec base: 0x20000000, Load base: 0x08006ec0, Size: 0x00003530, Max: 0x0000c000, ABSOLUTE)

    Exec Addr    Load Addr    Size         Type   Attr      Idx    E Section Name        Object

    0x20000000   0x08006ec0   0x00000008   Data   RW          787    .data..L_MergedGlobals  stm32l4xx_hal.o
    0x20000008   0x08006ec8   0x00000004   Data   RW         1677    .data.SystemCoreClock  system_stm32l4xx.o
    0x2000000c   0x08006ecc   0x00000004   Data   RW         2280    .data.uxCriticalNesting  port.o
    0x20000010        -       0x00000060   Zero   RW         2514    .bss                c_w.l(libspace.o)
    0x20000070        -       0x00000018   Zero   RW           45    .bss..L_MergedGlobals  lora.o
    0x20000088        -       0x0000001c   Zero   RW          111    .bss..L_MergedGlobals  main.o
    0x200000a4        -       0x00000004   Zero   RW         2211    .bss.KernelState    cmsis_os2.o
    0x200000a8        -       0x00000064   Zero   RW          107    .bss.hspi1          main.o
    0x2000010c        -       0x0000004c   Zero   RW          172    .bss.htim6          stm32l4xx_hal_timebase_tim.o
    0x20000158        -       0x00000088   Zero   RW          108    .bss.huart2         main.o
    0x200001e0        -       0x000000a0   Zero   RW         2052    .bss.prvCheckForValidListAndQueue.ucStaticTimerQueueStorage  timers.o
    0x20000280        -       0x00000050   Zero   RW         2051    .bss.prvCheckForValidListAndQueue.xStaticTimerQueue  timers.o
    0x200002d0        -       0x00000002   Zero   RW         2048    .bss.prvSampleTimeNow.xLastTime  timers.o
    0x200002d2   0x08006ed0   0x00000002   PAD
    0x200002d4        -       0x00000004   Zero   RW         1975    .bss.pxCurrentTCB   tasks.o
    0x200002d8        -       0x00000004   Zero   RW         2046    .bss.pxCurrentTimerList  timers.o
    0x200002dc        -       0x00000004   Zero   RW         1983    .bss.pxDelayedTaskList  tasks.o
    0x200002e0        -       0x00000004   Zero   RW         2236    .bss.pxEnd          heap_4.o
    0x200002e4        -       0x00000004   Zero   RW         1984    .bss.pxOverflowDelayedTaskList  tasks.o
    0x200002e8        -       0x00000004   Zero   RW         2047    .bss.pxOverflowTimerList  timers.o
    0x200002ec        -       0x00000460   Zero   RW         1986    .bss.pxReadyTasksLists  tasks.o
    0x2000074c        -       0x00002000   Zero   RW         2243    .bss.ucHeap         heap_4.o
    0x2000274c        -       0x00000001   Zero   RW         2278    .bss.ucMaxSysCallPriority  port.o
    0x2000274d   0x08006ed0   0x00000003   PAD
    0x20002750        -       0x00000004   Zero   RW         2279    .bss.ulMaxPRIGROUPValue  port.o
    0x20002754        -       0x00000004   Zero   RW          786    .bss.uwTick         stm32l4xx_hal.o
    0x20002758        -       0x00000004   Zero   RW         1979    .bss.uxCurrentNumberOfTasks  tasks.o
    0x2000275c        -       0x00000004   Zero   RW         1978    .bss.uxDeletedTasksWaitingCleanUp  tasks.o
    0x20002760        -       0x00000004   Zero   RW         1981    .bss.uxSchedulerSuspended  tasks.o
    0x20002764        -       0x00000004   Zero   RW         1976    .bss.uxTaskNumber   tasks.o
    0x20002768        -       0x00000004   Zero   RW         1987    .bss.uxTopReadyPriority  tasks.o
    0x2000276c        -       0x00000200   Zero   RW         2213    .bss.vApplicationGetIdleTaskMemory.Idle_Stack  cmsis_os2.o
    0x2000296c        -       0x0000005c   Zero   RW         2212    .bss.vApplicationGetIdleTaskMemory.Idle_TCB  cmsis_os2.o
    0x200029c8        -       0x00000400   Zero   RW         2215    .bss.vApplicationGetTimerTaskMemory.Timer_Stack  cmsis_os2.o
    0x20002dc8        -       0x0000005c   Zero   RW         2214    .bss.vApplicationGetTimerTaskMemory.Timer_TCB  cmsis_os2.o
    0x20002e24        -       0x00000014   Zero   RW         2049    .bss.xActiveTimerList1  timers.o
    0x20002e38        -       0x00000014   Zero   RW         2050    .bss.xActiveTimerList2  timers.o
    0x20002e4c        -       0x00000001   Zero   RW         2237    .bss.xBlockAllocatedBit  heap_4.o
    0x20002e4d   0x08006ed0   0x00000003   PAD
    0x20002e50        -       0x00000014   Zero   RW         1994    .bss.xDelayedTaskList1  tasks.o
    0x20002e64        -       0x00000014   Zero   RW         1995    .bss.xDelayedTaskList2  tasks.o
    0x20002e78        -       0x00000004   Zero   RW         2238    .bss.xFreeBytesRemaining  heap_4.o
    0x20002e7c        -       0x00000004   Zero   RW         1989    .bss.xIdleTaskHandle  tasks.o
    0x20002e80        -       0x00000004   Zero   RW         2240    .bss.xMinimumEverFreeBytesRemaining  heap_4.o
    0x20002e84        -       0x00000002   Zero   RW         1990    .bss.xNextTaskUnblockTime  tasks.o
    0x20002e86   0x08006ed0   0x00000002   PAD
    0x20002e88        -       0x00000004   Zero   RW         1993    .bss.xNumOfOverflows  tasks.o
    0x20002e8c        -       0x00000004   Zero   RW         2241    .bss.xNumberOfSuccessfulAllocations  heap_4.o
    0x20002e90        -       0x00000004   Zero   RW         2242    .bss.xNumberOfSuccessfulFrees  heap_4.o
    0x20002e94        -       0x00000002   Zero   RW         1992    .bss.xPendedTicks   tasks.o
    0x20002e96   0x08006ed0   0x00000002   PAD
    0x20002e98        -       0x00000014   Zero   RW         1988    .bss.xPendingReadyList  tasks.o
    0x20002eac        -       0x00000040   Zero   RW         1810    .bss.xQueueRegistry  queue.o
    0x20002eec        -       0x00000004   Zero   RW         1980    .bss.xSchedulerRunning  tasks.o
    0x20002ef0        -       0x00000008   Zero   RW         2239    .bss.xStart         heap_4.o
    0x20002ef8        -       0x00000014   Zero   RW         1985    .bss.xSuspendedTaskList  tasks.o
    0x20002f0c        -       0x00000014   Zero   RW         1977    .bss.xTasksWaitingTermination  tasks.o
    0x20002f20        -       0x00000002   Zero   RW         1982    .bss.xTickCount     tasks.o
    0x20002f22   0x08006ed0   0x00000002   PAD
    0x20002f24        -       0x00000004   Zero   RW         2044    .bss.xTimerQueue    timers.o
    0x20002f28        -       0x00000004   Zero   RW         2045    .bss.xTimerTaskHandle  timers.o
    0x20002f2c        -       0x00000004   Zero   RW         1991    .bss.xYieldPending  tasks.o
    0x20002f30        -       0x00000200   Zero   RW            2    HEAP                startup_stm32l432xx.o
    0x20003130        -       0x00000400   Zero   RW            1    STACK               startup_stm32l432xx.o


==============================================================================

Image component sizes


      Code (inc. data)   RO Data    RW Data    ZI Data      Debug   Object Name

       408          0          0          0       1724      41133   cmsis_os2.o
       630          0          0          0       8221       5286   heap_4.o
       152          0          0          0          0       2261   list.o
       770         20          0          0         24       8386   lora.o
      1580        472        390          0        264      17735   main.o
       816         12        288          0          0       5952   packet.o
       870         16          0          4          5       4284   port.o
      1424          0          0          0         64      26160   queue.o
        64         26        396          0       1536        860   startup_stm32l432xx.o
        92          8          0          8          4       7776   stm32l4xx_hal.o
       140         16          0          0          0      10188   stm32l4xx_hal_cortex.o
       446         24          0          0          0       5323   stm32l4xx_hal_gpio.o
       306         20          0          0          0       9363   stm32l4xx_hal_msp.o
       116          4          0          0          0       8613   stm32l4xx_hal_pwr_ex.o
      2134         84          0          0          0      10344   stm32l4xx_hal_rcc.o
       848         24          0          0          0      13666   stm32l4xx_hal_rcc_ex.o
      1636          8          0          0          0      24395   stm32l4xx_hal_spi.o
       682         24          0          0          0      51122   stm32l4xx_hal_tim.o
         6          0          0          0          0      21574   stm32l4xx_hal_tim_ex.o
       148         12          0          0         76       7075   stm32l4xx_hal_timebase_tim.o
      1358         78         16          0          0      29187   stm32l4xx_hal_uart.o
        40          4          0          0          0       4487   stm32l4xx_it.o
        16          4         72          4          0       2994   system_stm32l4xx.o
      2982          8          0          0       1274      39445   tasks.o
      1214         26          0          0        298      17234   timers.o

    ----------------------------------------------------------------------
     18966        890       1196         16      13504     374843   Object Totals
         0          0         32          0          0          0   (incl. Generated)
        88          0          2          0         14          0   (incl. Padding)

    ----------------------------------------------------------------------

      Code (inc. data)   RO Data    RW Data    ZI Data      Debug   Library Member Name

         8          0          0          0          0         68   __main.o
       398          4         17          0          0         92   __printf_flags_ss_wp.o
        14          0          0          0          0         68   __printf_wp.o
         0          0          0          0          0          0   __rtentry.o
        12          0          0          0          0          0   __rtentry2.o
         6          0          0          0          0          0   __rtentry4.o
        94          8          0          0          0          0   __scatter.o
        26          0          0          0          0          0   __scatter_copy.o
        28          0          0          0          0          0   __scatter_zi.o
        72          0          0          0          0         96   _c16rtomb.o
         6          0          0          0          0          0   _printf_a.o
         6          0          0          0          0          0   _printf_c.o
        44          0          0          0          0        108   _printf_char.o
        48          6          0          0          0         96   _printf_char_common.o
        40          0          0          0          0         68   _printf_charcount.o
         6          0          0          0          0          0   _printf_d.o
       120         16          0          0          0         92   _printf_dec.o
         6          0          0          0          0          0   _printf_e.o
         6          0          0          0          0          0   _printf_f.o
      1058          0          0          0          0        148   _printf_fp_dec.o
       770          8         38          0          0        100   _printf_fp_hex.o
       128         16          0          0          0         84   _printf_fp_infnan.o
         6          0          0          0          0          0   _printf_g.o
       148          4         40          0          0        160   _printf_hex_int_ll_ptr.o
         6          0          0          0          0          0   _printf_i.o
       178          0          0          0          0         88   _printf_intcommon.o
        10          0          0          0          0          0   _printf_l.o
         6          0          0          0          0          0   _printf_lc.o
        10          0          0          0          0          0   _printf_ll.o
         6          0          0          0          0          0   _printf_lld.o
         6          0          0          0          0          0   _printf_lli.o
         6          0          0          0          0          0   _printf_llo.o
         6          0          0          0          0          0   _printf_llu.o
         6          0          0          0          0          0   _printf_llx.o
       124         16          0          0          0         92   _printf_longlong_dec.o
         6          0          0          0          0          0   _printf_ls.o
         6          0          0          0          0          0   _printf_n.o
         6          0          0          0          0          0   _printf_o.o
       112          8          0          0          0        124   _printf_oct_int_ll.o
         6          0          0          0          0          0   _printf_p.o
        78          0          0          0          0        108   _printf_pad.o
         0          0          0          0          0          0   _printf_percent.o
         4          0          0          0          0          0   _printf_percent_end.o
         6          0          0          0          0          0   _printf_s.o
        82          0          0          0          0         80   _printf_str.o
        36          0          0          0          0         84   _printf_truncate.o
         6          0          0          0          0          0   _printf_u.o
        44          0          0          0          0        108   _printf_wchar.o
       194          6          8          0          0         92   _printf_wctomb.o
         6          0          0          0          0          0   _printf_x.o
        16          0          0          0          0         68   _snputc.o
        16          0          0          0          0         68   aeabi_memset4.o
       228          4        148          0          0         96   bigflt0.o
      1936        128          0          0          0        668   btod.o
        18          0          0          0          0         80   exit.o
         6          0          0          0          0        152   heapauxi.o
         0          0          0          0          0          0   indicate_semi.o
        44         10        272          0          0         76   lc_ctype_c.o
        44         10         28          0          0         76   lc_numeric_c.o
         2          0          0          0          0          0   libinit.o
        34          0          0          0          0          0   libinit2.o
         2          0          0          0          0          0   libshutdown.o
         2          0          0          0          0          0   libshutdown2.o
         8          4          0          0         96         68   libspace.o
       138          0          0          0          0         80   lludiv10.o
       240          0          0          0          0        100   lludivv7m.o
        38          0          0          0          0         68   llushr.o
        16          4          0          0          0         76   rt_ctype_table.o
         8          4          0          0          0         68   rt_locale_intlibspace.o
        68          0          0          0          0         68   rt_memclr.o
        78          0          0          0          0         80   rt_memclr_w.o
       138          0          0          0          0         68   rt_memcpy_v6.o
       100          0          0          0          0         80   rt_memcpy_w.o
         2          0          0          0          0          0   rtexit.o
        10          0          0          0          0          0   rtexit2.o
       124          0          0          0          0         88   strcmpv7em.o
        62          0          0          0          0         76   strlen.o
        12          4          0          0          0         68   sys_exit.o
        74          0          0          0          0         80   sys_stackheap_outer.o
         2          0          0          0          0         68   use_no_semi.o
        60          4          0          0          0         80   vsnprintf.o
        26          0          0          0          0        116   fpinit.o
         4          0          0          0          0        116   printf1.o
         4          0          0          0          0        116   printf2.o
         0          0          0          0          0          0   usenofp.o
        48          0          0          0          0        124   fpclassify.o

    ----------------------------------------------------------------------
      7634        268        552          0         96       4928   Library Totals
        20          4          1          0          0          0   (incl. Padding)

    ----------------------------------------------------------------------

      Code (inc. data)   RO Data    RW Data    ZI Data      Debug   Library Name

      7532        264        551          0         96       4456   c_w.l
        34          0          0          0          0        348   fz_wm.l
        48          0          0          0          0        124   m_wm.l

    ----------------------------------------------------------------------
      7634        268        552          0         96       4928   Library Totals

    ----------------------------------------------------------------------

==============================================================================


      Code (inc. data)   RO Data    RW Data    ZI Data      Debug   

     26600       1158       1748         16      13600     376735   Grand Totals
     26600       1158       1748         16      13600     376735   ELF Image Totals
     26600       1158       1748         16          0          0   ROM Totals

==============================================================================

    Total RO  Size (Code + RO Data)                28348 (  27.68kB)
    Total RW  Size (RW Data + ZI Data)             13616 (  13.30kB)
    Total ROM Size (Code + RO Data + RW Data)      28364 (  27.70kB)

==============================================================================

