<html>
<body>
<pre>
<h1>µVision Build Log</h1>
<h2>Tool Versions:</h2>
IDE-Version: µVision V5.43.1.0
Copyright (C) 2025 ARM Ltd and ARM Germany GmbH. All rights reserved.
License Information: Ziad Gaballah, AUC, LIC=----
 
Tool Versions:
Toolchain:       MDK-Lite  Version: 5.43.0.0
Toolchain Path:  C:\Users\ziadg\AppData\Local\Keil_v5\ARM\ARMCLANG\Bin
C Compiler:      ArmClang.exe V6.24
Assembler:       Armasm.exe V6.24
Linker/Locator:  ArmLink.exe V6.24
Library Manager: ArmAr.exe V6.24
Hex Converter:   FromElf.exe V6.24
CPU DLL:         SARMCM3.DLL V5.43.0.0
Dialog DLL:      DCM.DLL V1.17.5.0
Target DLL:      STLink\ST-LINKIII-KEIL_SWO.dll V3.3.1.0
Dialog DLL:      TCM.DLL V1.56.6.0
 
<h2>Project:</h2>
C:\Users\ziadg\OneDrive\Documents\Ambulance_Mode\Ambulance\MDK-ARM\Ambulance.uvprojx
Project File Date:  05/23/2026

<h2>Output:</h2>
*** Using Compiler 'V6.24', folder: 'C:\Users\ziadg\AppData\Local\Keil_v5\ARM\ARMCLANG\Bin'
Rebuild target 'Ambulance'
assembling startup_stm32l432xx.s...
compiling freertos.c...
compiling stm32l4xx_hal_msp.c...
compiling stm32l4xx_it.c...
compiling packet.c...
compiling lora.c...
compiling main.c...
compiling stm32l4xx_hal_timebase_tim.c...
compiling stm32l4xx_hal.c...
compiling stm32l4xx_hal_flash.c...
compiling stm32l4xx_hal_rcc.c...
compiling stm32l4xx_hal_rcc_ex.c...
compiling stm32l4xx_hal_tim_ex.c...
compiling stm32l4xx_hal_flash_ex.c...
compiling stm32l4xx_hal_flash_ramfunc.c...
compiling stm32l4xx_hal_i2c.c...
compiling stm32l4xx_hal_gpio.c...
compiling stm32l4xx_hal_i2c_ex.c...
compiling stm32l4xx_hal_dma.c...
compiling stm32l4xx_hal_dma_ex.c...
compiling stm32l4xx_hal_tim.c...
compiling stm32l4xx_hal_pwr.c...
compiling stm32l4xx_hal_pwr_ex.c...
compiling stm32l4xx_hal_exti.c...
compiling stm32l4xx_hal_cortex.c...
compiling stm32l4xx_hal_spi_ex.c...
compiling stm32l4xx_hal_uart_ex.c...
compiling croutine.c...
../Middlewares/Third_Party/FreeRTOS/Source/event_groups.c(627): warning: implicit conversion from 'unsigned long' to 'TickType_t' (aka 'unsigned short') changes value from 33554432 to 0 [-Wconstant-conversion]
  627 |                         vTaskRemoveFromUnorderedEventList( pxTasksWaitingForBits->xListEnd.pxNext, eventUNBLOCKED_DUE_TO_BIT_SET );
      |                         ~~~~~~~~~~~~~~~~~~~~~~~~~~~~~~~~~                                          ^~~~~~~~~~~~~~~~~~~~~~~~~~~~~
../Middlewares/Third_Party/FreeRTOS/Source/event_groups.c(58): note: expanded from macro 'eventUNBLOCKED_DUE_TO_BIT_SET'
   58 |         #define eventUNBLOCKED_DUE_TO_BIT_SET   0x02000000UL
      |                                                 ^~~~~~~~~~~~
1 warning generated.
compiling event_groups.c...
compiling system_stm32l4xx.c...
compiling list.c...
compiling stm32l4xx_hal_spi.c...
compiling stm32l4xx_hal_uart.c...
compiling stream_buffer.c...
compiling heap_4.c...
compiling queue.c...
compiling timers.c...
compiling port.c...
compiling tasks.c...
compiling cmsis_os2.c...
linking...
Program Size: Code=26600 RO-data=1748 RW-data=16 ZI-data=13600  
FromELF: creating hex file...
"Ambulance\Ambulance.axf" - 0 Error(s), 1 Warning(s).

<h2>Software Packages used:</h2>

Package Vendor: ARM
                https://www.keil.com/pack/ARM.CMSIS.6.3.0.pack
                ARM::CMSIS@6.3.0
                CMSIS (Common Microcontroller Software Interface Standard)
   * Component: CORE Version: 6.2.0

Package Vendor: Keil
                https://www.keil.com/pack/Keil.STM32L4xx_DFP.3.1.0.pack
                Keil::STM32L4xx_DFP@3.1.0
                STMicroelectronics STM32L4 Series Device Support

<h2>Collection of Component include folders:</h2>
  ./RTE/_Ambulance
  C:/Users/ziadg/AppData/Local/Arm/Packs/ARM/CMSIS/6.3.0/CMSIS/Core/Include

<h2>Collection of Component Files used:</h2>

   * Component: ARM::CMSIS:CORE@6.2.0
Build Time Elapsed:  00:00:13
</pre>
</body>
</html>
